Component: Arm Compiler for Embedded 6.23 Tool: armlink [5f102400]

==============================================================================

Section Cross References

    principal.o(.text.CheckBatteryAndSend) refers to principal.o(.text.GetBatteryVoltage) for GetBatteryVoltage
    principal.o(.text.CheckBatteryAndSend) refers to fcmp.o(x$fpl$fcmp) for __aeabi_fcmpge
    principal.o(.text.CheckBatteryAndSend) refers to principal.o(.rodata.str1.1) for .L.str
    principal.o(.text.CheckBatteryAndSend) refers to plateau.o(.text.USART3_SendString) for USART3_SendString
    principal.o(.ARM.exidx.text.CheckBatteryAndSend) refers to principal.o(.text.CheckBatteryAndSend) for [Anonymous Symbol]
    principal.o(.text.GetBatteryVoltage) refers to principal.o(.bss.battery_raw) for battery_raw
    principal.o(.text.GetBatteryVoltage) refers to fflt_clz.o(x$fpl$fflt) for __aeabi_i2f
    principal.o(.text.GetBatteryVoltage) refers to fmul.o(x$fpl$fmul) for __aeabi_fmul
    principal.o(.text.GetBatteryVoltage) refers to fdiv.o(x$fpl$fdiv) for __aeabi_fdiv
    principal.o(.ARM.exidx.text.GetBatteryVoltage) refers to principal.o(.text.GetBatteryVoltage) for [Anonymous Symbol]
    principal.o(.text.ADC1_2_IRQHandler) refers to principal.o(.bss.battery_raw) for battery_raw
    principal.o(.ARM.exidx.text.ADC1_2_IRQHandler) refers to principal.o(.text.ADC1_2_IRQHandler) for [Anonymous Symbol]
    principal.o(.text.SetPlateauCommand) refers to principal.o(.bss.lastCommand) for lastCommand
    principal.o(.text.SetPlateauCommand) refers to plateau.o(.text.SetPlateauSens) for SetPlateauSens
    principal.o(.text.SetPlateauCommand) refers to fflt_clz.o(x$fpl$fflt) for __aeabi_i2f
    principal.o(.text.SetPlateauCommand) refers to plateau.o(.text.SetPlateau) for SetPlateau
    principal.o(.ARM.exidx.text.SetPlateauCommand) refers to principal.o(.text.SetPlateauCommand) for [Anonymous Symbol]
    principal.o(.text.USART3_IRQHandler) refers to principal.o(.bss.lastCommand) for lastCommand
    principal.o(.ARM.exidx.text.USART3_IRQHandler) refers to principal.o(.text.USART3_IRQHandler) for [Anonymous Symbol]
    principal.o(.text.main) refers to girouette.o(.text.Girouette_Init) for Girouette_Init
    principal.o(.text.main) refers to servo.o(.text.MyServoInit) for MyServoInit
    principal.o(.text.main) refers to plateau.o(.text.InitPlateau) for InitPlateau
    principal.o(.text.main) refers to plateau.o(.text.USART3_Init_RX_Interrupt) for USART3_Init_RX_Interrupt
    principal.o(.text.main) refers to alimentation.o(.text.ADC1_Init_PA0_Interrupt) for ADC1_Init_PA0_Interrupt
    principal.o(.text.main) refers to girouette.o(.text.GirouetteGetAngle) for GirouetteGetAngle
    principal.o(.text.main) refers to principal.o(.bss.AngleVent) for AngleVent
    principal.o(.text.main) refers to servo.o(.text.alpha_to_DC) for alpha_to_DC
    principal.o(.text.main) refers to servo.o(.text.SetDC) for SetDC
    principal.o(.text.main) refers to principal.o(.text.SetPlateauCommand) for SetPlateauCommand
    principal.o(.text.main) refers to principal.o(.text.CheckBatteryAndSend) for CheckBatteryAndSend
    principal.o(.ARM.exidx.text.main) refers to principal.o(.text.main) for [Anonymous Symbol]
    adc.o(.text.MyADC1_Config_PA0) refers to adc.o(.text.__NVIC_EnableIRQ) for __NVIC_EnableIRQ
    adc.o(.text.MyADC1_Config_PA0) refers to adc.o(.text.__NVIC_SetPriority) for __NVIC_SetPriority
    adc.o(.ARM.exidx.text.MyADC1_Config_PA0) refers to adc.o(.text.MyADC1_Config_PA0) for [Anonymous Symbol]
    adc.o(.ARM.exidx.text.__NVIC_EnableIRQ) refers to adc.o(.text.__NVIC_EnableIRQ) for [Anonymous Symbol]
    adc.o(.ARM.exidx.text.__NVIC_SetPriority) refers to adc.o(.text.__NVIC_SetPriority) for [Anonymous Symbol]
    adc.o(.ARM.exidx.text.MyADC_Init) refers to adc.o(.text.MyADC_Init) for [Anonymous Symbol]
    adc.o(.text.MyADC_GetConversion) refers to adc.o(.bss.valeur) for valeur
    adc.o(.text.MyADC_GetConversion) refers to fflt_clz.o(x$fpl$fflt) for __aeabi_i2f
    adc.o(.ARM.exidx.text.MyADC_GetConversion) refers to adc.o(.text.MyADC_GetConversion) for [Anonymous Symbol]
    adc.o(.ARM.exidx.text.MyADC_StartConvert) refers to adc.o(.text.MyADC_StartConvert) for [Anonymous Symbol]
    gpio.o(.ARM.exidx.text.InitGPIO) refers to gpio.o(.text.InitGPIO) for [Anonymous Symbol]
    gpio.o(.ARM.exidx.text.LireBroche) refers to gpio.o(.text.LireBroche) for [Anonymous Symbol]
    gpio.o(.ARM.exidx.text.SetBroche) refers to gpio.o(.text.SetBroche) for [Anonymous Symbol]
    gpio.o(.ARM.exidx.text.ResetBroche) refers to gpio.o(.text.ResetBroche) for [Anonymous Symbol]
    gpio.o(.text.MyGPIO_Toggle) refers to gpio.o(.text.LireBroche) for LireBroche
    gpio.o(.text.MyGPIO_Toggle) refers to gpio.o(.text.ResetBroche) for ResetBroche
    gpio.o(.text.MyGPIO_Toggle) refers to gpio.o(.text.SetBroche) for SetBroche
[...]
    alimentation.o(.ARM.exidx.text.__NVIC_EnableIRQ) refers to alimentation.o(.text.__NVIC_EnableIRQ) for [Anonymous Symbol]
    servo.o(.ARM.exidx.text.alpha_to_theta) refers to servo.o(.text.alpha_to_theta) for [Anonymous Symbol]
    servo.o(.text.theta_to_DC) refers to fflt_clz.o(x$fpl$fflt) for __aeabi_i2f
    servo.o(.ARM.exidx.text.theta_to_DC) refers to servo.o(.text.theta_to_DC) for [Anonymous Symbol]
    servo.o(.text.alpha_to_DC) refers to servo.o(.text.alpha_to_theta) for alpha_to_theta
    servo.o(.text.alpha_to_DC) refers to fflt_clz.o(x$fpl$fflt) for __aeabi_i2f
    servo.o(.text.alpha_to_DC) refers to ffix.o(x$fpl$ffix) for __aeabi_f2iz
    servo.o(.text.alpha_to_DC) refers to servo.o(.text.theta_to_DC) for theta_to_DC
    servo.o(.text.alpha_to_DC) refers to fdiv.o(x$fpl$fdiv) for __aeabi_fdiv
    servo.o(.ARM.exidx.text.alpha_to_DC) refers to servo.o(.text.alpha_to_DC) for [Anonymous Symbol]
    servo.o(.text.MyServoInit) refers to timer.o(.text.MyTimer_PWM_TIM3_PA6) for MyTimer_PWM_TIM3_PA6
    servo.o(.ARM.exidx.text.MyServoInit) refers to servo.o(.text.MyServoInit) for [Anonymous Symbol]
    servo.o(.text.SetDC) refers to fmul.o(x$fpl$fmul) for __aeabi_fmul
    servo.o(.text.SetDC) refers to ffix.o(x$fpl$ffix) for __aeabi_f2iz
    servo.o(.ARM.exidx.text.SetDC) refers to servo.o(.text.SetDC) for [Anonymous Symbol]
    girouette.o(.ARM.exidx.text.NullAngle) refers to girouette.o(.text.NullAngle) for [Anonymous Symbol]
    girouette.o(.text.Girouette_Init) refers to gpio.o(.text.InitGPIO) for InitGPIO
    girouette.o(.text.Girouette_Init) refers to timer.o(.text.MyTimer_Base_Init) for MyTimer_Base_Init
    girouette.o(.text.Girouette_Init) refers to gpio.o(.text.LireBroche) for LireBroche
    girouette.o(.ARM.exidx.text.Girouette_Init) refers to girouette.o(.text.Girouette_Init) for [Anonymous Symbol]
    girouette.o(.ARM.exidx.text.GirouetteGetAngle) refers to girouette.o(.text.GirouetteGetAngle) for [Anonymous Symbol]
    plateau.o(.text.InitPlateau) refers to timer.o(.text.MyTimer_PWM_Init) for MyTimer_PWM_Init
    plateau.o(.text.InitPlateau) refers to gpio.o(.text.InitGPIO) for InitGPIO
    plateau.o(.ARM.exidx.text.InitPlateau) refers to plateau.o(.text.InitPlateau) for [Anonymous Symbol]
    plateau.o(.text.SetPlateau) refers to timer.o(.text.MyTimer_PWM_SetDutyCycle) for MyTimer_PWM_SetDutyCycle
    plateau.o(.ARM.exidx.text.SetPlateau) refers to plateau.o(.text.SetPlateau) for [Anonymous Symbol]
    plateau.o(.ARM.exidx.text.SetPlateauSens) refers to plateau.o(.text.SetPlateauSens) for [Anonymous Symbol]
    plateau.o(.ARM.exidx.text.USART3_SendChar) refers to plateau.o(.text.USART3_SendChar) for [Anonymous Symbol]
    plateau.o(.text.USART3_SendString) refers to plateau.o(.text.USART3_SendChar) for USART3_SendChar
    plateau.o(.ARM.exidx.text.USART3_SendString) refers to plateau.o(.text.USART3_SendString) for [Anonymous Symbol]
    plateau.o(.text.USART3_Init_RX_Interrupt) refers to plateau.o(.text.__NVIC_EnableIRQ) for __NVIC_EnableIRQ
    plateau.o(.ARM.exidx.text.USART3_Init_RX_Interrupt) refers to plateau.o(.text.USART3_Init_RX_Interrupt) for [Anonymous Symbol]
    plateau.o(.ARM.exidx.text.__NVIC_EnableIRQ) refers to plateau.o(.text.__NVIC_EnableIRQ) for [Anonymous Symbol]
    telecommande.o(.text.Telecommande_Init) refers to usart.o(.text.USART2_Init) for USART2_Init
    telecommande.o(.text.Telecommande_Init) refers to usart.o(.text.MyUSART_ActiveIT) for MyUSART_ActiveIT
    telecommande.o(.ARM.exidx.text.Telecommande_Init) refers to telecommande.o(.text.Telecommande_Init) for [Anonymous Symbol]
    telecommande.o(.text.Telecommande_GetCommandeBrute) refers to usart.o(.bss.ch) for ch
    telecommande.o(.text.Telecommande_GetCommandeBrute) refers to telecommande.o(.bss.g_last_cmd) for g_last_cmd
    telecommande.o(.ARM.exidx.text.Telecommande_GetCommandeBrute) refers to telecommande.o(.text.Telecommande_GetCommandeBrute) for [Anonymous Symbol]
    telecommande.o(.text.Telecommande_GetDirectionVitesse) refers to usart.o(.bss.ch) for ch
    telecommande.o(.text.Telecommande_GetDirectionVitesse) refers to telecommande.o(.bss.g_last_cmd) for g_last_cmd
    telecommande.o(.ARM.exidx.text.Telecommande_GetDirectionVitesse) refers to telecommande.o(.text.Telecommande_GetDirectionVitesse) for [Anonymous Symbol]
    startup_stm32f10x_md.o(STACK) refers (Special) to heapauxi.o(.text) for __use_two_region_memory
    startup_stm32f10x_md.o(HEAP) refers (Special) to heapauxi.o(.text) for __use_two_region_memory
    startup_stm32f10x_md.o(RESET) refers (Special) to heapauxi.o(.text) for __use_two_region_memory
    startup_stm32f10x_md.o(RESET) refers to startup_stm32f10x_md.o(STACK) for __initial_sp
    startup_stm32f10x_md.o(RESET) refers to startup_stm32f10x_md.o(.text) for Reset_Handler
    startup_stm32f10x_md.o(RESET) refers to principal.o(.text.ADC1_2_IRQHandler) for ADC1_2_IRQHandler
    startup_stm32f10x_md.o(RESET) refers to timer.o(.text.TIM1_UP_IRQHandler) for TIM1_UP_IRQHandler
    startup_stm32f10x_md.o(RESET) refers to timer.o(.text.TIM2_IRQHandler) for TIM2_IRQHandler
    startup_stm32f10x_md.o(RESET) refers to timer.o(.text.TIM3_IRQHandler) for TIM3_IRQHandler
    startup_stm32f10x_md.o(RESET) refers to timer.o(.text.TIM4_IRQHandler) for TIM4_IRQHandler
    startup_stm32f10x_md.o(RESET) refers to usart.o(.text.USART1_IRQHandler) for USART1_IRQHandler
    startup_stm32f10x_md.o(RESET) refers to usart.o(.text.USART2_IRQHandler) for USART2_IRQHandler
    startup_stm32f10x_md.o(RESET) refers to principal.o(.text.USART3_IRQHandler) for USART3_IRQHandler
    startup_stm32f10x_md.o(.text) refers (Special) to heapauxi.o(.text) for __use_two_region_memory
    startup_stm32f10x_md.o(.text) refers to system_stm32f10x.o(.text.SystemInit) for SystemInit
    startup_stm32f10x_md.o(.text) refers to __main.o(!!!main) for __main
    startup_stm32f10x_md.o(.text) refers to startup_stm32f10x_md.o(HEAP) for Heap_Mem
    startup_stm32f10x_md.o(.text) refers to startup_stm32f10x_md.o(STACK) for Stack_Mem
    system_stm32f10x.o(.text.SystemInit) refers to system_stm32f10x.o(.text.SetSysClock) for SetSysClock
    system_stm32f10x.o(.ARM.exidx.text.SystemInit) refers to system_stm32f10x.o(.text.SystemInit) for [Anonymous Symbol]
    system_stm32f10x.o(.text.SetSysClock) refers to system_stm32f10x.o(.text.SetSysClockTo72) for SetSysClockTo72
    system_stm32f10x.o(.ARM.exidx.text.SetSysClock) refers to system_stm32f10x.o(.text.SetSysClock) for [Anonymous Symbol]
    system_stm32f10x.o(.text.SystemCoreClockUpdate) refers to system_stm32f10x.o(.data.SystemCoreClock) for SystemCoreClock
    system_stm32f10x.o(.text.SystemCoreClockUpdate) refers to system_stm32f10x.o(.rodata.AHBPrescTable) for AHBPrescTable
    system_stm32f10x.o(.ARM.exidx.text.SystemCoreClockUpdate) refers to system_stm32f10x.o(.text.SystemCoreClockUpdate) for [Anonymous Symbol]
    system_stm32f10x.o(.ARM.exidx.text.SetSysClockTo72) refers to system_stm32f10x.o(.text.SetSysClockTo72) for [Anonymous Symbol]
    __main.o(!!!main) refers to __rtentry.o(.ARM.Collect$$rtentry$$00000000) for __rt_entry
    ddiv.o(x$fpl$drdiv) refers (Special) to usenofp.o(x$fpl$usenofp) for __I$use$fp
    ddiv.o(x$fpl$drdiv) refers to ddiv.o(x$fpl$ddiv) for ddiv_entry
    ddiv.o(x$fpl$ddiv) refers (Special) to usenofp.o(x$fpl$usenofp) for __I$use$fp
    ddiv.o(x$fpl$ddiv) refers to dretinf.o(x$fpl$dretinf) for __fpl_dretinf
    ddiv.o(x$fpl$ddiv) refers to dnaninf.o(x$fpl$dnaninf) for __fpl_dnaninf
    dfix.o(x$fpl$dfix) refers (Special) to usenofp.o(x$fpl$usenofp) for __I$use$fp
    dfix.o(x$fpl$dfix) refers to dnaninf.o(x$fpl$dnaninf) for __fpl_dnaninf
    dfix.o(x$fpl$dfixr) refers (Special) to usenofp.o(x$fpl$usenofp) for __I$use$fp
    dfix.o(x$fpl$dfixr) refers to dnaninf.o(x$fpl$dnaninf) for __fpl_dnaninf
    dflt_clz.o(x$fpl$dfltu) refers (Special) to usenofp.o(x$fpl$usenofp) for __I$use$fp
    dflt_clz.o(x$fpl$dflt) refers (Special) to usenofp.o(x$fpl$usenofp) for __I$use$fp
    dflt_clz.o(x$fpl$dfltn) refers (Special) to usenofp.o(x$fpl$usenofp) for __I$use$fp
    fcmp.o(x$fpl$fcmp) refers (Special) to usenofp.o(x$fpl$usenofp) for __I$use$fp
    fcmp.o(x$fpl$fcmp) refers to feqf.o(x$fpl$feqf) for _fcmpeq
    fcmp.o(x$fpl$fcmp) refers to fgeqf.o(x$fpl$fgeqf) for _fcmpge
    fcmp.o(x$fpl$fcmp) refers to fleqf.o(x$fpl$fleqf) for _fcmple
    fdiv.o(x$fpl$frdiv) refers (Special) to usenofp.o(x$fpl$usenofp) for __I$use$fp
    fdiv.o(x$fpl$frdiv) refers to fdiv.o(x$fpl$fdiv) for _fdiv1
    fdiv.o(x$fpl$fdiv) refers (Special) to usenofp.o(x$fpl$usenofp) for __I$use$fp
    fdiv.o(x$fpl$fdiv) refers to fretinf.o(x$fpl$fretinf) for __fpl_fretinf
    fdiv.o(x$fpl$fdiv) refers to fnaninf.o(x$fpl$fnaninf) for __fpl_fnaninf
    ffix.o(x$fpl$ffix) refers (Special) to usenofp.o(x$fpl$usenofp) for __I$use$fp
    ffix.o(x$fpl$ffix) refers to fnaninf.o(x$fpl$fnaninf) for __fpl_fnaninf
    ffix.o(x$fpl$ffixr) refers (Special) to usenofp.o(x$fpl$usenofp) for __I$use$fp
    ffix.o(x$fpl$ffixr) refers to fnaninf.o(x$fpl$fnaninf) for __fpl_fnaninf
    fflt_clz.o(x$fpl$ffltu) refers (Special) to usenofp.o(x$fpl$usenofp) for __I$use$fp
    fflt_clz.o(x$fpl$fflt) refers (Special) to usenofp.o(x$fpl$usenofp) for __I$use$fp
    fflt_clz.o(x$fpl$ffltn) refers (Special) to usenofp.o(x$fpl$usenofp) for __I$use$fp
    fmul.o(x$fpl$fmul) refers (Special) to usenofp.o(x$fpl$usenofp) for __I$use$fp
    fmul.o(x$fpl$fmul) refers to fretinf.o(x$fpl$fretinf) for __fpl_fretinf
    fmul.o(x$fpl$fmul) refers to fnaninf.o(x$fpl$fnaninf) for __fpl_fnaninf
    __rtentry.o(.ARM.Collect$$rtentry$$00000000) refers (Special) to __rtentry2.o(.ARM.Collect$$rtentry$$0000000A) for __rt_entry_li
    __rtentry.o(.ARM.Collect$$rtentry$$00000000) refers (Special) to __rtentry2.o(.ARM.Collect$$rtentry$$0000000D) for __rt_entry_main
    __rtentry.o(.ARM.Collect$$rtentry$$00000000) refers (Special) to __rtentry2.o(.ARM.Collect$$rtentry$$0000000C) for __rt_entry_postli_1
    __rtentry.o(.ARM.Collect$$rtentry$$00000000) refers (Special) to __rtentry2.o(.ARM.Collect$$rtentry$$00000009) for __rt_entry_postsh_1
    __rtentry.o(.ARM.Collect$$rtentry$$00000000) refers (Special) to __rtentry2.o(.ARM.Collect$$rtentry$$00000002) for __rt_entry_presh_1
    __rtentry.o(.ARM.Collect$$rtentry$$00000000) refers (Special) to __rtentry4.o(.ARM.Collect$$rtentry$$00000004) for __rt_entry_sh
    dnaninf.o(x$fpl$dnaninf) refers (Special) to usenofp.o(x$fpl$usenofp) for __I$use$fp
    dretinf.o(x$fpl$dretinf) refers (Special) to usenofp.o(x$fpl$usenofp) for __I$use$fp
    feqf.o(x$fpl$feqf) refers (Special) to usenofp.o(x$fpl$usenofp) for __I$use$fp
    feqf.o(x$fpl$feqf) refers to fnaninf.o(x$fpl$fnaninf) for __fpl_fnaninf
    feqf.o(x$fpl$feqf) refers to fcmpi.o(x$fpl$fcmpinf) for __fpl_fcmp_Inf
    fgeqf.o(x$fpl$fgeqf) refers (Special) to usenofp.o(x$fpl$usenofp) for __I$use$fp
    fgeqf.o(x$fpl$fgeqf) refers to fnaninf.o(x$fpl$fnaninf) for __fpl_fnaninf
    fgeqf.o(x$fpl$fgeqf) refers to fcmpi.o(x$fpl$fcmpinf) for __fpl_fcmp_Inf
    fleqf.o(x$fpl$fleqf) refers (Special) to usenofp.o(x$fpl$usenofp) for __I$use$fp
    fleqf.o(x$fpl$fleqf) refers to fnaninf.o(x$fpl$fnaninf) for __fpl_fnaninf
    fleqf.o(x$fpl$fleqf) refers to fcmpi.o(x$fpl$fcmpinf) for __fpl_fcmp_Inf
    fnaninf.o(x$fpl$fnaninf) refers (Special) to usenofp.o(x$fpl$usenofp) for __I$use$fp
    fretinf.o(x$fpl$fretinf) refers (Special) to usenofp.o(x$fpl$usenofp) for __I$use$fp
    __rtentry2.o(.ARM.Collect$$rtentry$$00000008) refers to boardinit2.o(.text) for _platform_post_stackheap_init
    __rtentry2.o(.ARM.Collect$$rtentry$$0000000A) refers to libinit.o(.ARM.Collect$$libinit$$00000000) for __rt_lib_init
    __rtentry2.o(.ARM.Collect$$rtentry$$0000000B) refers to boardinit3.o(.text) for _platform_post_lib_init
    __rtentry2.o(.ARM.Collect$$rtentry$$0000000D) refers to principal.o(.text.main) for main
    __rtentry2.o(.ARM.Collect$$rtentry$$0000000D) refers to exit.o(.text) for exit
    __rtentry2.o(.ARM.exidx) refers to __rtentry2.o(.ARM.Collect$$rtentry$$00000001) for .ARM.Collect$$rtentry$$00000001
    __rtentry2.o(.ARM.exidx) refers to __rtentry2.o(.ARM.Collect$$rtentry$$00000008) for .ARM.Collect$$rtentry$$00000008
    __rtentry2.o(.ARM.exidx) refers to __rtentry2.o(.ARM.Collect$$rtentry$$0000000A) for .ARM.Collect$$rtentry$$0000000A
    __rtentry2.o(.ARM.exidx) refers to __rtentry2.o(.ARM.Collect$$rtentry$$0000000B) for .ARM.Collect$$rtentry$$0000000B
    __rtentry2.o(.ARM.exidx) refers to __rtentry2.o(.ARM.Collect$$rtentry$$0000000D) for .ARM.Collect$$rtentry$$0000000D
    __rtentry4.o(.ARM.Collect$$rtentry$$00000004) refers to sys_stackheap_outer.o(.text) for __user_setup_stackheap
    __rtentry4.o(.ARM.exidx) refers to __rtentry4.o(.ARM.Collect$$rtentry$$00000004) for .ARM.Collect$$rtentry$$00000004
    fcmpi.o(x$fpl$fcmpinf) refers (Special) to usenofp.o(x$fpl$usenofp) for __I$use$fp
    sys_stackheap_outer.o(.text) refers to libspace.o(.text) for __user_perproc_libspace
    sys_stackheap_outer.o(.text) refers to startup_stm32f10x_md.o(.text) for __user_initial_stackheap
    exit.o(.text) refers to rtexit.o(.ARM.Collect$$rtexit$$00000000) for __rt_exit
    libinit.o(.ARM.Collect$$libinit$$00000000) refers (Special) to libinit2.o(.ARM.Collect$$libinit$$00000030) for __rt_lib_init_alloca_1
    libinit.o(.ARM.Collect$$libinit$$00000000) refers (Special) to libinit2.o(.ARM.Collect$$libinit$$0000002E) for __rt_lib_init_argv_1
    libinit.o(.ARM.Collect$$libinit$$00000000) refers (Special) to libinit2.o(.ARM.Collect$$libinit$$0000001D) for __rt_lib_init_atexit_1
    libinit.o(.ARM.Collect$$libinit$$00000000) refers (Special) to libinit2.o(.ARM.Collect$$libinit$$00000023) for __rt_lib_init_clock_1
    libinit.o(.ARM.Collect$$libinit$$00000000) refers (Special) to libinit2.o(.ARM.Collect$$libinit$$00000034) for __rt_lib_init_cpp_1
    libinit.o(.ARM.Collect$$libinit$$00000000) refers (Special) to libinit2.o(.ARM.Collect$$libinit$$00000032) for __rt_lib_init_exceptions_1
    libinit.o(.ARM.Collect$$libinit$$00000000) refers (Special) to libinit2.o(.ARM.Collect$$libinit$$00000002) for __rt_lib_init_fp_1
    libinit.o(.ARM.Collect$$libinit$$00000000) refers (Special) to libinit2.o(.ARM.Collect$$libinit$$00000021) for __rt_lib_init_fp_trap_1
    libinit.o(.ARM.Collect$$libinit$$00000000) refers (Special) to libinit2.o(.ARM.Collect$$libinit$$00000025) for __rt_lib_init_getenv_1
    libinit.o(.ARM.Collect$$libinit$$00000000) refers (Special) to libinit2.o(.ARM.Collect$$libinit$$0000000C) for __rt_lib_init_heap_1
    libinit.o(.ARM.Collect$$libinit$$00000000) refers (Special) to libinit2.o(.ARM.Collect$$libinit$$00000013) for __rt_lib_init_lc_collate_1
    libinit.o(.ARM.Collect$$libinit$$00000000) refers (Special) to libinit2.o(.ARM.Collect$$libinit$$00000015) for __rt_lib_init_lc_ctype_1
    libinit.o(.ARM.Collect$$libinit$$00000000) refers (Special) to libinit2.o(.ARM.Collect$$libinit$$00000017) for __rt_lib_init_lc_monetary_1
    libinit.o(.ARM.Collect$$libinit$$00000000) refers (Special) to libinit2.o(.ARM.Collect$$libinit$$00000019) for __rt_lib_init_lc_numeric_1
    libinit.o(.ARM.Collect$$libinit$$00000000) refers (Special) to libinit2.o(.ARM.Collect$$libinit$$0000001B) for __rt_lib_init_lc_time_1
    libinit.o(.ARM.Collect$$libinit$$00000000) refers (Special) to libinit2.o(.ARM.Collect$$libinit$$00000006) for __rt_lib_init_preinit_1
    libinit.o(.ARM.Collect$$libinit$$00000000) refers (Special) to libinit2.o(.ARM.Collect$$libinit$$00000010) for __rt_lib_init_rand_1
    libinit.o(.ARM.Collect$$libinit$$00000000) refers (Special) to libinit2.o(.ARM.Collect$$libinit$$00000004) for __rt_lib_init_relocate_pie_1
    libinit.o(.ARM.Collect$$libinit$$00000000) refers (Special) to libinit2.o(.ARM.Collect$$libinit$$00000035) for __rt_lib_init_return
    libinit.o(.ARM.Collect$$libinit$$00000000) refers (Special) to libinit2.o(.ARM.Collect$$libinit$$0000001F) for __rt_lib_init_signal_1
    libinit.o(.ARM.Collect$$libinit$$00000000) refers (Special) to libinit2.o(.ARM.Collect$$libinit$$00000027) for __rt_lib_init_stdio_1
    libinit.o(.ARM.Collect$$libinit$$00000000) refers (Special) to libinit2.o(.ARM.Collect$$libinit$$0000000E) for __rt_lib_init_user_alloc_1
    libspace.o(.text) refers to libspace.o(.bss) for __libspace_start
    rtexit.o(.ARM.Collect$$rtexit$$00000000) refers (Special) to rtexit2.o(.ARM.Collect$$rtexit$$00000004) for __rt_exit_exit
    rtexit.o(.ARM.Collect$$rtexit$$00000000) refers (Special) to rtexit2.o(.ARM.Collect$$rtexit$$00000003) for __rt_exit_ls
    rtexit.o(.ARM.Collect$$rtexit$$00000000) refers (Special) to rtexit2.o(.ARM.Collect$$rtexit$$00000002) for __rt_exit_prels_1
    rtexit.o(.ARM.exidx) refers (Special) to rtexit2.o(.ARM.Collect$$rtexit$$00000004) for __rt_exit_exit
    rtexit.o(.ARM.exidx) refers (Special) to rtexit2.o(.ARM.Collect$$rtexit$$00000003) for __rt_exit_ls
    rtexit.o(.ARM.exidx) refers (Special) to rtexit2.o(.ARM.Collect$$rtexit$$00000002) for __rt_exit_prels_1
    rtexit.o(.ARM.exidx) refers to rtexit.o(.ARM.Collect$$rtexit$$00000000) for .ARM.Collect$$rtexit$$00000000
    libinit2.o(.ARM.Collect$$libinit$$00000012) refers to libinit2.o(.ARM.Collect$$libinit$$00000011) for .ARM.Collect$$libinit$$00000011
    libinit2.o(.ARM.Collect$$libinit$$00000014) refers to libinit2.o(.ARM.Collect$$libinit$$00000011) for .ARM.Collect$$libinit$$00000011
    libinit2.o(.ARM.Collect$$libinit$$00000016) refers to libinit2.o(.ARM.Collect$$libinit$$00000011) for .ARM.Collect$$libinit$$00000011
    libinit2.o(.ARM.Collect$$libinit$$00000018) refers to libinit2.o(.ARM.Collect$$libinit$$00000011) for .ARM.Collect$$libinit$$00000011
    libinit2.o(.ARM.Collect$$libinit$$0000001A) refers to libinit2.o(.ARM.Collect$$libinit$$00000011) for .ARM.Collect$$libinit$$00000011
    libinit2.o(.ARM.Collect$$libinit$$00000028) refers to argv_veneer.o(.emb_text) for __ARM_argv_veneer
    libinit2.o(.ARM.Collect$$libinit$$00000029) refers to argv_veneer.o(.emb_text) for __ARM_argv_veneer
    rtexit2.o(.ARM.Collect$$rtexit$$00000003) refers to libshutdown.o(.ARM.Collect$$libshutdown$$00000000) for __rt_lib_shutdown
    rtexit2.o(.ARM.Collect$$rtexit$$00000004) refers to sys_exit.o(.text) for _sys_exit
    rtexit2.o(.ARM.exidx) refers to rtexit2.o(.ARM.Collect$$rtexit$$00000001) for .ARM.Collect$$rtexit$$00000001
    rtexit2.o(.ARM.exidx) refers to rtexit2.o(.ARM.Collect$$rtexit$$00000003) for .ARM.Collect$$rtexit$$00000003
    rtexit2.o(.ARM.exidx) refers to rtexit2.o(.ARM.Collect$$rtexit$$00000004) for .ARM.Collect$$rtexit$$00000004
    argv_veneer.o(.emb_text) refers to no_argv.o(.text) for __ARM_get_argv
    sys_exit.o(.text) refers (Special) to use_no_semi.o(.text) for __I$use$semihosting
    sys_exit.o(.text) refers (Special) to indicate_semi.o(.text) for __semihosting_library_function
    sys_exit_hlt.o(.text) refers (Special) to use_no_semi.o(.text) for __I$use$semihosting
    sys_exit_hlt.o(.text) refers (Special) to indicate_semi.o(.text) for __semihosting_library_function
    _get_argv_nomalloc.o(.text) refers (Special) to hrguard.o(.text) for __heap_region$guard
    _get_argv_nomalloc.o(.text) refers to defsig_rtmem_outer.o(.text) for __rt_SIGRTMEM
    _get_argv_nomalloc.o(.text) refers to sys_command.o(.text) for _sys_command_string
    libshutdown.o(.ARM.Collect$$libshutdown$$00000000) refers (Special) to libshutdown2.o(.ARM.Collect$$libshutdown$$00000002) for __rt_lib_shutdown_cpp_1
    libshutdown.o(.ARM.Collect$$libshutdown$$00000000) refers (Special) to libshutdown2.o(.ARM.Collect$$libshutdown$$00000007) for __rt_lib_shutdown_fp_trap_1
    libshutdown.o(.ARM.Collect$$libshutdown$$00000000) refers (Special) to libshutdown2.o(.ARM.Collect$$libshutdown$$0000000F) for __rt_lib_shutdown_heap_1
    libshutdown.o(.ARM.Collect$$libshutdown$$00000000) refers (Special) to libshutdown2.o(.ARM.Collect$$libshutdown$$00000010) for __rt_lib_shutdown_return
    libshutdown.o(.ARM.Collect$$libshutdown$$00000000) refers (Special) to libshutdown2.o(.ARM.Collect$$libshutdown$$0000000A) for __rt_lib_shutdown_signal_1
    libshutdown.o(.ARM.Collect$$libshutdown$$00000000) refers (Special) to libshutdown2.o(.ARM.Collect$$libshutdown$$00000004) for __rt_lib_shutdown_stdio_1
    libshutdown.o(.ARM.Collect$$libshutdown$$00000000) refers (Special) to libshutdown2.o(.ARM.Collect$$libshutdown$$0000000C) for __rt_lib_shutdown_user_alloc_1
    sys_command.o(.text) refers (Special) to use_no_semi.o(.text) for __I$use$semihosting
    sys_command.o(.text) refers (Special) to indicate_semi.o(.text) for __semihosting_library_function
    sys_command_hlt.o(.text) refers (Special) to use_no_semi.o(.text) for __I$use$semihosting
    sys_command_hlt.o(.text) refers (Special) to indicate_semi.o(.text) for __semihosting_library_function
    defsig_rtmem_outer.o(.text) refers to defsig_rtmem_inner.o(.text) for __rt_SIGRTMEM_inner
    defsig_rtmem_outer.o(.text) refers to defsig_exit.o(.text) for __sig_exit
    defsig_rtmem_formal.o(.text) refers to rt_raise.o(.text) for __rt_raise
    rt_raise.o(.text) refers to __raise.o(.text) for __raise
    rt_raise.o(.text) refers to sys_exit.o(.text) for _sys_exit
    defsig_exit.o(.text) refers to sys_exit.o(.text) for _sys_exit
    defsig_rtmem_inner.o(.text) refers to defsig_general.o(.text) for __default_signal_display
    __raise.o(.text) refers to defsig.o(CL$$defsig) for __default_signal_handler
    defsig_general.o(.text) refers to sys_wrch.o(.text) for _ttywrch
    sys_wrch.o(.text) refers (Special) to use_no_semi.o(.text) for __I$use$semihosting
    sys_wrch.o(.text) refers (Special) to indicate_semi.o(.text) for __semihosting_library_function
    sys_wrch_hlt.o(.text) refers (Special) to use_no_semi.o(.text) for __I$use$semihosting
    sys_wrch_hlt.o(.text) refers (Special) to indicate_semi.o(.text) for __semihosting_library_function
    defsig.o(CL$$defsig) refers to defsig_rtmem_inner.o(.text) for __rt_SIGRTMEM_inner
    defsig_abrt_inner.o(.text) refers to defsig_general.o(.text) for __default_signal_display
    defsig_fpe_inner.o(.text) refers to defsig_general.o(.text) for __default_signal_display
    defsig_rtred_inner.o(.text) refers to defsig_general.o(.text) for __default_signal_display
    defsig_stak_inner.o(.text) refers to defsig_general.o(.text) for __default_signal_display
    defsig_pvfn_inner.o(.text) refers to defsig_general.o(.text) for __default_signal_display
    defsig_cppl_inner.o(.text) refers to defsig_general.o(.text) for __default_signal_display
    defsig_segv_inner.o(.text) refers to defsig_general.o(.text) for __default_signal_display
    defsig_other.o(.text) refers to defsig_general.o(.text) for __default_signal_display


==============================================================================

Removing Unused input sections from the image.

    Removing principal.o(.text), (0 bytes).
    Removing principal.o(.ARM.exidx.text.CheckBatteryAndSend), (8 bytes).
    Removing principal.o(.ARM.exidx.text.GetBatteryVoltage), (8 bytes).
    Removing principal.o(.ARM.exidx.text.ADC1_2_IRQHandler), (8 bytes).
    Removing principal.o(.ARM.exidx.text.SetPlateauCommand), (8 bytes).
    Removing principal.o(.ARM.exidx.text.USART3_IRQHandler), (8 bytes).
    Removing principal.o(.ARM.exidx.text.main), (8 bytes).
    Removing principal.o(.bss.sens), (1 bytes).
    Removing principal.o(.bss.vitesse), (1 bytes).
    Removing principal.o(.bss.toto), (1 bytes).
    Removing principal.o(.bss.DC), (4 bytes).
    Removing principal.o(.ARM.use_no_argv), (4 bytes).
    Removing adc.o(.text), (0 bytes).
    Removing adc.o(.text.MyADC1_Config_PA0), (142 bytes).
    Removing adc.o(.ARM.exidx.text.MyADC1_Config_PA0), (8 bytes).
    Removing adc.o(.text.__NVIC_EnableIRQ), (48 bytes).
    Removing adc.o(.ARM.exidx.text.__NVIC_EnableIRQ), (8 bytes).
    Removing adc.o(.text.__NVIC_SetPriority), (66 bytes).
    Removing adc.o(.ARM.exidx.text.__NVIC_SetPriority), (8 bytes).
    Removing adc.o(.text.MyADC_Init), (92 bytes).
    Removing adc.o(.ARM.exidx.text.MyADC_Init), (8 bytes).
    Removing adc.o(.text.MyADC_GetConversion), (18 bytes).
    Removing adc.o(.ARM.exidx.text.MyADC_GetConversion), (8 bytes).
    Removing adc.o(.text.MyADC_StartConvert), (18 bytes).
    Removing adc.o(.ARM.exidx.text.MyADC_StartConvert), (8 bytes).
    Removing adc.o(.bss.valeur), (4 bytes).
    Removing gpio.o(.text), (0 bytes).
    Removing gpio.o(.ARM.exidx.text.InitGPIO), (8 bytes).
    Removing gpio.o(.ARM.exidx.text.LireBroche), (8 bytes).
    Removing gpio.o(.text.SetBroche), (30 bytes).
    Removing gpio.o(.ARM.exidx.text.SetBroche), (8 bytes).
    Removing gpio.o(.text.ResetBroche), (30 bytes).
    Removing gpio.o(.ARM.exidx.text.ResetBroche), (8 bytes).
    Removing gpio.o(.text.MyGPIO_Toggle), (52 bytes).
    Removing gpio.o(.ARM.exidx.text.MyGPIO_Toggle), (8 bytes).
    Removing timer.o(.text), (0 bytes).
    Removing timer.o(.ARM.exidx.text.MyTimer_Base_Init), (8 bytes).
    Removing timer.o(.text.MyTimer_ActiveIT), (288 bytes).
    Removing timer.o(.ARM.exidx.text.MyTimer_ActiveIT), (8 bytes).
    Removing timer.o(.ARM.exidx.text.TIM1_UP_IRQHandler), (8 bytes).
    Removing timer.o(.ARM.exidx.text.TIM2_IRQHandler), (8 bytes).
    Removing timer.o(.ARM.exidx.text.TIM3_IRQHandler), (8 bytes).
    Removing timer.o(.ARM.exidx.text.TIM4_IRQHandler), (8 bytes).
    Removing timer.o(.ARM.exidx.text.MyTimer_PWM_TIM3_PA6), (8 bytes).
    Removing timer.o(.ARM.exidx.text.MyTimer_PWM_Init), (8 bytes).
    Removing timer.o(.ARM.exidx.text.MyTimer_PWM_SetDutyCycle), (8 bytes).
    Removing usart.o(.text), (0 bytes).
    Removing usart.o(.text.USART2_Init), (104 bytes).
    Removing usart.o(.ARM.exidx.text.USART2_Init), (8 bytes).
    Removing usart.o(.text.MyUSART_Init), (60 bytes).
    Removing usart.o(.ARM.exidx.text.MyUSART_Init), (8 bytes).
    Removing usart.o(.text.MyUSART_ActiveIT), (24 bytes).
    Removing usart.o(.ARM.exidx.text.MyUSART_ActiveIT), (8 bytes).
    Removing usart.o(.text.MyUSART_SetBaudRate), (44 bytes).
    Removing usart.o(.ARM.exidx.text.MyUSART_SetBaudRate), (8 bytes).
    Removing usart.o(.ARM.exidx.text.USART2_IRQHandler), (8 bytes).
    Removing usart.o(.ARM.exidx.text.USART1_IRQHandler), (8 bytes).
    Removing usart.o(.text.USART2_SendChar), (24 bytes).
    Removing usart.o(.ARM.exidx.text.USART2_SendChar), (8 bytes).
    Removing usart.o(.text.USART2_SendString), (36 bytes).
    Removing usart.o(.ARM.exidx.text.USART2_SendString), (8 bytes).
    Removing usart.o(.text.USART1_SendChar), (24 bytes).
    Removing usart.o(.ARM.exidx.text.USART1_SendChar), (8 bytes).
    Removing usart.o(.text.USART1_SendString), (36 bytes).
    Removing usart.o(.ARM.exidx.text.USART1_SendString), (8 bytes).
    Removing alimentation.o(.text), (0 bytes).
    Removing alimentation.o(.ARM.exidx.text.ADC1_Init_PA0_Interrupt), (8 bytes).
    Removing alimentation.o(.ARM.exidx.text.__NVIC_EnableIRQ), (8 bytes).
    Removing servo.o(.text), (0 bytes).
    Removing servo.o(.ARM.exidx.text.alpha_to_theta), (8 bytes).
    Removing servo.o(.ARM.exidx.text.theta_to_DC), (8 bytes).
    Removing servo.o(.ARM.exidx.text.alpha_to_DC), (8 bytes).
    Removing servo.o(.ARM.exidx.text.MyServoInit), (8 bytes).
    Removing servo.o(.ARM.exidx.text.SetDC), (8 bytes).
    Removing girouette.o(.text), (0 bytes).
    Removing girouette.o(.text.NullAngle), (14 bytes).
    Removing girouette.o(.ARM.exidx.text.NullAngle), (8 bytes).
    Removing girouette.o(.ARM.exidx.text.Girouette_Init), (8 bytes).
    Removing girouette.o(.ARM.exidx.text.GirouetteGetAngle), (8 bytes).
    Removing plateau.o(.text), (0 bytes).
    Removing plateau.o(.ARM.exidx.text.InitPlateau), (8 bytes).
    Removing plateau.o(.ARM.exidx.text.SetPlateau), (8 bytes).
    Removing plateau.o(.ARM.exidx.text.SetPlateauSens), (8 bytes).
    Removing plateau.o(.ARM.exidx.text.USART3_SendChar), (8 bytes).
    Removing plateau.o(.ARM.exidx.text.USART3_SendString), (8 bytes).
    Removing plateau.o(.ARM.exidx.text.USART3_Init_RX_Interrupt), (8 bytes).
    Removing plateau.o(.ARM.exidx.text.__NVIC_EnableIRQ), (8 bytes).
    Removing telecommande.o(.text), (0 bytes).
    Removing telecommande.o(.text.Telecommande_Init), (20 bytes).
    Removing telecommande.o(.ARM.exidx.text.Telecommande_Init), (8 bytes).
    Removing telecommande.o(.text.Telecommande_GetCommandeBrute), (26 bytes).
    Removing telecommande.o(.ARM.exidx.text.Telecommande_GetCommandeBrute), (8 bytes).
    Removing telecommande.o(.text.Telecommande_GetDirectionVitesse), (126 bytes).
    Removing telecommande.o(.ARM.exidx.text.Telecommande_GetDirectionVitesse), (8 bytes).
    Removing telecommande.o(.bss.g_last_cmd), (1 bytes).
    Removing system_stm32f10x.o(.text), (0 bytes).
    Removing system_stm32f10x.o(.ARM.exidx.text.SystemInit), (8 bytes).
    Removing system_stm32f10x.o(.ARM.exidx.text.SetSysClock), (8 bytes).
    Removing system_stm32f10x.o(.text.SystemCoreClockUpdate), (290 bytes).
    Removing system_stm32f10x.o(.ARM.exidx.text.SystemCoreClockUpdate), (8 bytes).
    Removing system_stm32f10x.o(.ARM.exidx.text.SetSysClockTo72), (8 bytes).
    Removing system_stm32f10x.o(.data.SystemCoreClock), (4 bytes).
    Removing system_stm32f10x.o(.rodata.AHBPrescTable), (16 bytes).

103 unused section(s) (total 2128 bytes) removed from the image.

==============================================================================

Image Symbol Table

    Local Symbols

    Symbol Name                              Value     Ov Type        Size  Object(Section)

    ../clib/angel/boardlib.s                 0x00000000   Number         0  boardinit1.o ABSOLUTE
    ../clib/angel/boardlib.s                 0x00000000   Number         0  boardinit2.o ABSOLUTE
    ../clib/angel/boardlib.s                 0x00000000   Number         0  boardinit3.o ABSOLUTE
    ../clib/angel/boardlib.s                 0x00000000   Number         0  boardshut.o ABSOLUTE
    ../clib/angel/handlers.s                 0x00000000   Number         0  __scatter_zi.o ABSOLUTE
    ../clib/angel/kernel.s                   0x00000000   Number         0  __rtentry.o ABSOLUTE
    ../clib/angel/kernel.s                   0x00000000   Number         0  __rtentry2.o ABSOLUTE
    ../clib/angel/kernel.s                   0x00000000   Number         0  __rtentry4.o ABSOLUTE
    ../clib/angel/kernel.s                   0x00000000   Number         0  rtexit.o ABSOLUTE
    ../clib/angel/kernel.s                   0x00000000   Number         0  rtexit2.o ABSOLUTE
    ../clib/angel/rt.s                       0x00000000   Number         0  rt_raise.o ABSOLUTE
    ../clib/angel/scatter.s                  0x00000000   Number         0  __scatter.o ABSOLUTE
    ../clib/angel/startup.s                  0x00000000   Number         0  __main.o ABSOLUTE
    ../clib/angel/sys.s                      0x00000000   Number         0  sys_stackheap_outer.o ABSOLUTE
    ../clib/angel/sys.s                      0x00000000   Number         0  libspace.o ABSOLUTE
    ../clib/angel/sys.s                      0x00000000   Number         0  use_no_semi.o ABSOLUTE
    ../clib/angel/sys.s                      0x00000000   Number         0  indicate_semi.o ABSOLUTE
    ../clib/angel/sysapp.c                   0x00000000   Number         0  sys_exit.o ABSOLUTE
    ../clib/angel/sysapp.c                   0x00000000   Number         0  sys_exit_hlt.o ABSOLUTE
    ../clib/angel/sysapp.c                   0x00000000   Number         0  sys_command.o ABSOLUTE
    ../clib/angel/sysapp.c                   0x00000000   Number         0  sys_command_hlt.o ABSOLUTE
    ../clib/angel/sysapp.c                   0x00000000   Number         0  sys_wrch.o ABSOLUTE
    ../clib/angel/sysapp.c                   0x00000000   Number         0  sys_wrch_hlt.o ABSOLUTE
    ../clib/armsys.c                         0x00000000   Number         0  argv_veneer.o ABSOLUTE
    ../clib/armsys.c                         0x00000000   Number         0  argv_veneer.o ABSOLUTE
    ../clib/armsys.c                         0x00000000   Number         0  _get_argv_nomalloc.o ABSOLUTE
    ../clib/armsys.c                         0x00000000   Number         0  no_argv.o ABSOLUTE
    ../clib/heapalloc.c                      0x00000000   Number         0  hrguard.o ABSOLUTE
    ../clib/heapaux.c                        0x00000000   Number         0  heapauxi.o ABSOLUTE
    ../clib/libinit.s                        0x00000000   Number         0  libinit.o ABSOLUTE
    ../clib/libinit.s                        0x00000000   Number         0  libinit2.o ABSOLUTE
    ../clib/libinit.s                        0x00000000   Number         0  libshutdown.o ABSOLUTE
    ../clib/libinit.s                        0x00000000   Number         0  libshutdown2.o ABSOLUTE
    ../clib/signal.c                         0x00000000   Number         0  defsig_rtmem_outer.o ABSOLUTE
    ../clib/signal.c                         0x00000000   Number         0  defsig_rtmem_formal.o ABSOLUTE
    ../clib/signal.c                         0x00000000   Number         0  defsig_exit.o ABSOLUTE
    ../clib/signal.c                         0x00000000   Number         0  defsig_rtmem_inner.o ABSOLUTE
    ../clib/signal.c                         0x00000000   Number         0  __raise.o ABSOLUTE
    ../clib/signal.c                         0x00000000   Number         0  defsig_general.o ABSOLUTE
    ../clib/signal.c                         0x00000000   Number         0  defsig_abrt_inner.o ABSOLUTE
    ../clib/signal.c                         0x00000000   Number         0  defsig_fpe_inner.o ABSOLUTE
    ../clib/signal.c                         0x00000000   Number         0  defsig_rtred_inner.o ABSOLUTE
    ../clib/signal.c                         0x00000000   Number         0  defsig_stak_inner.o ABSOLUTE
    ../clib/signal.c                         0x00000000   Number         0  defsig_pvfn_inner.o ABSOLUTE
    ../clib/signal.c                         0x00000000   Number         0  defsig_cppl_inner.o ABSOLUTE
    ../clib/signal.c                         0x00000000   Number         0  defsig_segv_inner.o ABSOLUTE
    ../clib/signal.c                         0x00000000   Number         0  defsig_other.o ABSOLUTE
    ../clib/signal.s                         0x00000000   Number         0  defsig.o ABSOLUTE
    ../clib/stdlib.c                         0x00000000   Number         0  exit.o ABSOLUTE
    ../fplib/ddiv.s                          0x00000000   Number         0  ddiv.o ABSOLUTE
    ../fplib/dfix.s                          0x00000000   Number         0  dfix.o ABSOLUTE
    ../fplib/dflt.s                          0x00000000   Number         0  dflt_clz.o ABSOLUTE
    ../fplib/dnaninf.s                       0x00000000   Number         0  dnaninf.o ABSOLUTE
    ../fplib/dretinf.s                       0x00000000   Number         0  dretinf.o ABSOLUTE
    ../fplib/fcmp.s                          0x00000000   Number         0  fcmp.o ABSOLUTE
    ../fplib/fcmpi.s                         0x00000000   Number         0  fcmpi.o ABSOLUTE
    ../fplib/fdiv.s                          0x00000000   Number         0  fdiv.o ABSOLUTE
    ../fplib/feqf.s                          0x00000000   Number         0  feqf.o ABSOLUTE
    ../fplib/ffix.s                          0x00000000   Number         0  ffix.o ABSOLUTE
    ../fplib/fflt.s                          0x00000000   Number         0  fflt_clz.o ABSOLUTE
    ../fplib/fgeqf.s                         0x00000000   Number         0  fgeqf.o ABSOLUTE
    ../fplib/fleqf.s                         0x00000000   Number         0  fleqf.o ABSOLUTE
    ../fplib/fmul.s                          0x00000000   Number         0  fmul.o ABSOLUTE
    ../fplib/fnaninf.s                       0x00000000   Number         0  fnaninf.o ABSOLUTE
    ../fplib/fpinit.s                        0x00000000   Number         0  fpinit.o ABSOLUTE
    ../fplib/fpinit_empty.s                  0x00000000   Number         0  fpinit_empty.o ABSOLUTE
    ../fplib/fretinf.s                       0x00000000   Number         0  fretinf.o ABSOLUTE
    ../fplib/usenofp.s                       0x00000000   Number         0  usenofp.o ABSOLUTE
    ADC.c                                    0x00000000   Number         0  adc.o ABSOLUTE
    Alimentation.c                           0x00000000   Number         0  alimentation.o ABSOLUTE
    GPIO.c                                   0x00000000   Number         0  gpio.o ABSOLUTE
    Girouette.c                              0x00000000   Number         0  girouette.o ABSOLUTE
    Plateau.c                                0x00000000   Number         0  plateau.o ABSOLUTE
    RTE/Device/STM32F103RB/startup_stm32f10x_md.s 0x00000000   Number         0  startup_stm32f10x_md.o ABSOLUTE
    Servo.c                                  0x00000000   Number         0  servo.o ABSOLUTE
    Telecommande.c                           0x00000000   Number         0  telecommande.o ABSOLUTE
    Timer.c                                  0x00000000   Number         0  timer.o ABSOLUTE
    USART.c                                  0x00000000   Number         0  usart.o ABSOLUTE
    dc.s                                     0x00000000   Number         0  dc.o ABSOLUTE
    principal.c                              0x00000000   Number         0  principal.o ABSOLUTE
    system_stm32f10x.c                       0x00000000   Number         0  system_stm32f10x.o ABSOLUTE
    RESET                                    0x08000000   Section      236  startup_stm32f10x_md.o(RESET)
    !!!main                                  0x080000ec   Section        8  __main.o(!!!main)
    !!!scatter                               0x080000f4   Section       92  __scatter.o(!!!scatter)
    !!handler_null                           0x08000150   Section        2  __scatter.o(!!handler_null)
    !!handler_zi                             0x08000154   Section       28  __scatter_zi.o(!!handler_zi)
    .ARM.Collect$$libinit$$00000000          0x08000170   Section        2  libinit.o(.ARM.Collect$$libinit$$00000000)
    .ARM.Collect$$libinit$$00000002          0x08000172   Section        0  libinit2.o(.ARM.Collect$$libinit$$00000002)
    .ARM.Collect$$libinit$$00000004          0x08000172   Section        0  libinit2.o(.ARM.Collect$$libinit$$00000004)
    .ARM.Collect$$libinit$$00000006          0x08000172   Section        0  libinit2.o(.ARM.Collect$$libinit$$00000006)
    .ARM.Collect$$libinit$$0000000C          0x08000172   Section        0  libinit2.o(.ARM.Collect$$libinit$$0000000C)
    .ARM.Collect$$libinit$$0000000E          0x08000172   Section        0  libinit2.o(.ARM.Collect$$libinit$$0000000E)
    .ARM.Collect$$libinit$$00000010          0x08000172   Section        0  libinit2.o(.ARM.Collect$$libinit$$00000010)
    .ARM.Collect$$libinit$$00000013          0x08000172   Section        0  libinit2.o(.ARM.Collect$$libinit$$00000013)
    .ARM.Collect$$libinit$$00000015          0x08000172   Section        0  libinit2.o(.ARM.Collect$$libinit$$00000015)
    .ARM.Collect$$libinit$$00000017          0x08000172   Section        0  libinit2.o(.ARM.Collect$$libinit$$00000017)
    .ARM.Collect$$libinit$$00000019          0x08000172   Section        0  libinit2.o(.ARM.Collect$$libinit$$00000019)
    .ARM.Collect$$libinit$$0000001B          0x08000172   Section        0  libinit2.o(.ARM.Collect$$libinit$$0000001B)
    .ARM.Collect$$libinit$$0000001D          0x08000172   Section        0  libinit2.o(.ARM.Collect$$libinit$$0000001D)
    .ARM.Collect$$libinit$$0000001F          0x08000172   Section        0  libinit2.o(.ARM.Collect$$libinit$$0000001F)
    .ARM.Collect$$libinit$$00000021          0x08000172   Section        0  libinit2.o(.ARM.Collect$$libinit$$00000021)
    .ARM.Collect$$libinit$$00000023          0x08000172   Section        0  libinit2.o(.ARM.Collect$$libinit$$00000023)
    .ARM.Collect$$libinit$$00000025          0x08000172   Section        0  libinit2.o(.ARM.Collect$$libinit$$00000025)
    .ARM.Collect$$libinit$$00000027          0x08000172   Section        0  libinit2.o(.ARM.Collect$$libinit$$00000027)
    .ARM.Collect$$libinit$$0000002E          0x08000172   Section        0  libinit2.o(.ARM.Collect$$libinit$$0000002E)
    .ARM.Collect$$libinit$$00000030          0x08000172   Section        0  libinit2.o(.ARM.Collect$$libinit$$00000030)
    .ARM.Collect$$libinit$$00000032          0x08000172   Section        0  libinit2.o(.ARM.Collect$$libinit$$00000032)
    .ARM.Collect$$libinit$$00000034          0x08000172   Section        0  libinit2.o(.ARM.Collect$$libinit$$00000034)
    .ARM.Collect$$libinit$$00000035          0x08000172   Section        2  libinit2.o(.ARM.Collect$$libinit$$00000035)
    .ARM.Collect$$libshutdown$$00000000      0x08000174   Section        2  libshutdown.o(.ARM.Collect$$libshutdown$$00000000)
    .ARM.Collect$$libshutdown$$00000002      0x08000176   Section        0  libshutdown2.o(.ARM.Collect$$libshutdown$$00000002)
    .ARM.Collect$$libshutdown$$00000004      0x08000176   Section        0  libshutdown2.o(.ARM.Collect$$libshutdown$$00000004)
    .ARM.Collect$$libshutdown$$00000007      0x08000176   Section        0  libshutdown2.o(.ARM.Collect$$libshutdown$$00000007)
    .ARM.Collect$$libshutdown$$0000000A      0x08000176   Section        0  libshutdown2.o(.ARM.Collect$$libshutdown$$0000000A)
    .ARM.Collect$$libshutdown$$0000000C      0x08000176   Section        0  libshutdown2.o(.ARM.Collect$$libshutdown$$0000000C)
    .ARM.Collect$$libshutdown$$0000000F      0x08000176   Section        0  libshutdown2.o(.ARM.Collect$$libshutdown$$0000000F)
    .ARM.Collect$$libshutdown$$00000010      0x08000176   Section        2  libshutdown2.o(.ARM.Collect$$libshutdown$$00000010)
    .ARM.Collect$$rtentry$$00000000          0x08000178   Section        0  __rtentry.o(.ARM.Collect$$rtentry$$00000000)
    .ARM.Collect$$rtentry$$00000002          0x08000178   Section        0  __rtentry2.o(.ARM.Collect$$rtentry$$00000002)
    .ARM.Collect$$rtentry$$00000004          0x08000178   Section        6  __rtentry4.o(.ARM.Collect$$rtentry$$00000004)
    .ARM.Collect$$rtentry$$00000009          0x0800017e   Section        0  __rtentry2.o(.ARM.Collect$$rtentry$$00000009)
    .ARM.Collect$$rtentry$$0000000A          0x0800017e   Section        4  __rtentry2.o(.ARM.Collect$$rtentry$$0000000A)
    .ARM.Collect$$rtentry$$0000000C          0x08000182   Section        0  __rtentry2.o(.ARM.Collect$$rtentry$$0000000C)
    .ARM.Collect$$rtentry$$0000000D          0x08000182   Section        8  __rtentry2.o(.ARM.Collect$$rtentry$$0000000D)
    .ARM.Collect$$rtexit$$00000000           0x0800018a   Section        2  rtexit.o(.ARM.Collect$$rtexit$$00000000)
    .ARM.Collect$$rtexit$$00000002           0x0800018c   Section        0  rtexit2.o(.ARM.Collect$$rtexit$$00000002)
    .ARM.Collect$$rtexit$$00000003           0x0800018c   Section        4  rtexit2.o(.ARM.Collect$$rtexit$$00000003)
    .ARM.Collect$$rtexit$$00000004           0x08000190   Section        6  rtexit2.o(.ARM.Collect$$rtexit$$00000004)
    .text                                    0x08000198   Section       64  startup_stm32f10x_md.o(.text)
    .text                                    0x080001d8   Section        0  heapauxi.o(.text)
    .text                                    0x080001de   Section       74  sys_stackheap_outer.o(.text)
    .text                                    0x08000228   Section        0  exit.o(.text)
    .text                                    0x0800023c   Section        8  libspace.o(.text)
    .text                                    0x08000244   Section        0  sys_exit.o(.text)
    .text                                    0x08000250   Section        2  use_no_semi.o(.text)
    .text                                    0x08000252   Section        0  indicate_semi.o(.text)
    [Anonymous Symbol]                       0x08000254   Section        0  principal.o(.text.ADC1_2_IRQHandler)
    [Anonymous Symbol]                       0x08000280   Section        0  alimentation.o(.text.ADC1_Init_PA0_Interrupt)
    [Anonymous Symbol]                       0x08000350   Section        0  principal.o(.text.CheckBatteryAndSend)
    [Anonymous Symbol]                       0x0800038c   Section        0  principal.o(.text.GetBatteryVoltage)
    [Anonymous Symbol]                       0x080003cc   Section        0  girouette.o(.text.GirouetteGetAngle)
    [Anonymous Symbol]                       0x080003dc   Section        0  girouette.o(.text.Girouette_Init)
    [Anonymous Symbol]                       0x080004c0   Section        0  gpio.o(.text.InitGPIO)
    [Anonymous Symbol]                       0x0800053c   Section        0  plateau.o(.text.InitPlateau)
    [Anonymous Symbol]                       0x08000574   Section        0  gpio.o(.text.LireBroche)
    [Anonymous Symbol]                       0x08000590   Section        0  servo.o(.text.MyServoInit)
    [Anonymous Symbol]                       0x080005a8   Section        0  timer.o(.text.MyTimer_Base_Init)
    [Anonymous Symbol]                       0x08000660   Section        0  timer.o(.text.MyTimer_PWM_Init)
    [Anonymous Symbol]                       0x080008c4   Section        0  timer.o(.text.MyTimer_PWM_SetDutyCycle)
    [Anonymous Symbol]                       0x0800093c   Section        0  timer.o(.text.MyTimer_PWM_TIM3_PA6)
    [Anonymous Symbol]                       0x08000a24   Section        0  servo.o(.text.SetDC)
    [Anonymous Symbol]                       0x08000a4c   Section        0  plateau.o(.text.SetPlateau)
    [Anonymous Symbol]                       0x08000a68   Section        0  principal.o(.text.SetPlateauCommand)
    [Anonymous Symbol]                       0x08000ab8   Section        0  plateau.o(.text.SetPlateauSens)
    SetSysClock                              0x08000aed   Thumb Code     8  system_stm32f10x.o(.text.SetSysClock)
    [Anonymous Symbol]                       0x08000aec   Section        0  system_stm32f10x.o(.text.SetSysClock)
    SetSysClockTo72                          0x08000af5   Thumb Code   290  system_stm32f10x.o(.text.SetSysClockTo72)
    [Anonymous Symbol]                       0x08000af4   Section        0  system_stm32f10x.o(.text.SetSysClockTo72)
    [Anonymous Symbol]                       0x08000c18   Section        0  system_stm32f10x.o(.text.SystemInit)
    [Anonymous Symbol]                       0x08000c80   Section        0  timer.o(.text.TIM1_UP_IRQHandler)
    [Anonymous Symbol]                       0x08000cc4   Section        0  timer.o(.text.TIM2_IRQHandler)
    [Anonymous Symbol]                       0x08000d04   Section        0  timer.o(.text.TIM3_IRQHandler)
    [Anonymous Symbol]                       0x08000d48   Section        0  timer.o(.text.TIM4_IRQHandler)
    [Anonymous Symbol]                       0x08000d8c   Section        0  usart.o(.text.USART1_IRQHandler)
    [Anonymous Symbol]                       0x08000da4   Section        0  usart.o(.text.USART2_IRQHandler)
    [Anonymous Symbol]                       0x08000dbc   Section        0  principal.o(.text.USART3_IRQHandler)
    [Anonymous Symbol]                       0x08000de8   Section        0  plateau.o(.text.USART3_Init_RX_Interrupt)
    [Anonymous Symbol]                       0x08000e7c   Section        0  plateau.o(.text.USART3_SendChar)
    [Anonymous Symbol]                       0x08000eac   Section        0  plateau.o(.text.USART3_SendString)
    __NVIC_EnableIRQ                         0x08000ed1   Thumb Code    48  alimentation.o(.text.__NVIC_EnableIRQ)
    [Anonymous Symbol]                       0x08000ed0   Section        0  alimentation.o(.text.__NVIC_EnableIRQ)
    __NVIC_EnableIRQ                         0x08000f01   Thumb Code    48  plateau.o(.text.__NVIC_EnableIRQ)
    [Anonymous Symbol]                       0x08000f00   Section        0  plateau.o(.text.__NVIC_EnableIRQ)
    [Anonymous Symbol]                       0x08000f30   Section        0  servo.o(.text.alpha_to_DC)
    [Anonymous Symbol]                       0x08000f5c   Section        0  servo.o(.text.alpha_to_theta)
    [Anonymous Symbol]                       0x08000fd4   Section        0  principal.o(.text.main)
    [Anonymous Symbol]                       0x0800102c   Section        0  servo.o(.text.theta_to_DC)
    x$fpl$fcmp                               0x0800105e   Section       84  fcmp.o(x$fpl$fcmp)
    x$fpl$fcmpinf                            0x080010b2   Section       24  fcmpi.o(x$fpl$fcmpinf)
    _fdiv1                                   0x080010cd   Thumb Code     0  fdiv.o(x$fpl$fdiv)
    x$fpl$fdiv                               0x080010cc   Section      388  fdiv.o(x$fpl$fdiv)
    x$fpl$feqf                               0x08001250   Section      104  feqf.o(x$fpl$feqf)
    x$fpl$ffix                               0x080012b8   Section       54  ffix.o(x$fpl$ffix)
    x$fpl$fflt                               0x080012f0   Section       48  fflt_clz.o(x$fpl$fflt)
    x$fpl$fgeqf                              0x08001320   Section      104  fgeqf.o(x$fpl$fgeqf)
    x$fpl$fleqf                              0x08001388   Section      104  fleqf.o(x$fpl$fleqf)
    x$fpl$fmul                               0x080013f0   Section      258  fmul.o(x$fpl$fmul)
    x$fpl$fnaninf                            0x080014f2   Section      140  fnaninf.o(x$fpl$fnaninf)
    x$fpl$fretinf                            0x0800157e   Section       10  fretinf.o(x$fpl$fretinf)
    .L.str.1                                 0x08001588   Data          14  principal.o(.rodata.str1.1)
    [Anonymous Symbol]                       0x08001588   Section        0  principal.o(.rodata.str1.1)
    x$fpl$usenofp                            0x08001588   Section        0  usenofp.o(x$fpl$usenofp)
    .L.str                                   0x08001596   Data          18  principal.o(.rodata.str1.1)
    .bss                                     0x20000000   Section       96  libspace.o(.bss)
    ITFunction_TIM1                          0x20000064   Data           4  timer.o(.bss.ITFunction_TIM1)
    [Anonymous Symbol]                       0x20000064   Section        0  timer.o(.bss.ITFunction_TIM1)
    ITFunction_TIM2                          0x20000068   Data           4  timer.o(.bss.ITFunction_TIM2)
    [Anonymous Symbol]                       0x20000068   Section        0  timer.o(.bss.ITFunction_TIM2)
    ITFunction_TIM3                          0x2000006c   Data           4  timer.o(.bss.ITFunction_TIM3)
    [Anonymous Symbol]                       0x2000006c   Section        0  timer.o(.bss.ITFunction_TIM3)
    ITFunction_TIM4                          0x20000070   Data           4  timer.o(.bss.ITFunction_TIM4)
    [Anonymous Symbol]                       0x20000070   Section        0  timer.o(.bss.ITFunction_TIM4)
    Heap_Mem                                 0x20000080   Data         512  startup_stm32f10x_md.o(HEAP)
    HEAP                                     0x20000080   Section      512  startup_stm32f10x_md.o(HEAP)
    Stack_Mem                                0x20000280   Data        1024  startup_stm32f10x_md.o(STACK)
    STACK                                    0x20000280   Section     1024  startup_stm32f10x_md.o(STACK)
    __initial_sp                             0x20000680   Data           0  startup_stm32f10x_md.o(STACK)

    Global Symbols

    Symbol Name                              Value     Ov Type        Size  Object(Section)

    BuildAttributes$$THM_ISAv4$P$D$K$B$S$PE$A:L22UL41UL21$X:L11$S22US41US21$IEEE1$IW$~IW$USESV6$~STKCKD$USESV7$~SHL$OSPACE$ROPI$EBA8$UX$STANDARDLIB$REQ8$PRES8$EABIv2 0x00000000   Number         0  anon$$obj.o ABSOLUTE
    __fp_init_empty                          0x00000000   Number         0  fpinit_empty.o ABSOLUTE
    __ARM_exceptions_init                     - Undefined Weak Reference
    __alloca_initialize                       - Undefined Weak Reference
    __arm_preinit_                            - Undefined Weak Reference
    __arm_relocate_pie_                       - Undefined Weak Reference
    __cpp_initialize__aeabi_                  - Undefined Weak Reference
    __cxa_finalize                            - Undefined Weak Reference
    __rt_locale                               - Undefined Weak Reference
    __sigvec_lookup                           - Undefined Weak Reference
    _atexit_init                              - Undefined Weak Reference
    _call_atexit_fns                          - Undefined Weak Reference
    _clock_init                               - Undefined Weak Reference
    _fp_trap_init                             - Undefined Weak Reference
    _fp_trap_shutdown                         - Undefined Weak Reference
    _get_lc_collate                           - Undefined Weak Reference
    _get_lc_ctype                             - Undefined Weak Reference
    _get_lc_monetary                          - Undefined Weak Reference
    _get_lc_numeric                           - Undefined Weak Reference
    _get_lc_time                              - Undefined Weak Reference
    _getenv_init                              - Undefined Weak Reference
    _handle_redirection                       - Undefined Weak Reference
    _init_alloc                               - Undefined Weak Reference
    _init_user_alloc                          - Undefined Weak Reference
    _initio                                   - Undefined Weak Reference
    _rand_init                                - Undefined Weak Reference
    _signal_finish                            - Undefined Weak Reference
    _signal_init                              - Undefined Weak Reference
    _terminate_alloc                          - Undefined Weak Reference
    _terminate_user_alloc                     - Undefined Weak Reference
    _terminateio                              - Undefined Weak Reference
    __Vectors_Size                           0x000000ec   Number         0  startup_stm32f10x_md.o ABSOLUTE
    __Vectors                                0x08000000   Data           4  startup_stm32f10x_md.o(RESET)
    __Vectors_End                            0x080000ec   Data           0  startup_stm32f10x_md.o(RESET)
    __main                                   0x080000ed   Thumb Code     8  __main.o(!!!main)
    __scatterload                            0x080000f5   Thumb Code     0  __scatter.o(!!!scatter)
    __scatterload_rt2                        0x080000f5   Thumb Code    84  __scatter.o(!!!scatter)
    __scatterload_rt2_thumb_only             0x080000f5   Thumb Code     0  __scatter.o(!!!scatter)
    __scatterload_loop                       0x080000ff   Thumb Code     0  __scatter.o(!!!scatter)
    __scatterload_null                       0x08000151   Thumb Code     2  __scatter.o(!!handler_null)
    __scatterload_zeroinit                   0x08000155   Thumb Code    28  __scatter_zi.o(!!handler_zi)
    __rt_lib_init                            0x08000171   Thumb Code     0  libinit.o(.ARM.Collect$$libinit$$00000000)
    __rt_lib_init_alloca_1                   0x08000173   Thumb Code     0  libinit2.o(.ARM.Collect$$libinit$$00000030)
    __rt_lib_init_argv_1                     0x08000173   Thumb Code     0  libinit2.o(.ARM.Collect$$libinit$$0000002E)
    __rt_lib_init_atexit_1                   0x08000173   Thumb Code     0  libinit2.o(.ARM.Collect$$libinit$$0000001D)
    __rt_lib_init_clock_1                    0x08000173   Thumb Code     0  libinit2.o(.ARM.Collect$$libinit$$00000023)
    __rt_lib_init_cpp_1                      0x08000173   Thumb Code     0  libinit2.o(.ARM.Collect$$libinit$$00000034)
    __rt_lib_init_exceptions_1               0x08000173   Thumb Code     0  libinit2.o(.ARM.Collect$$libinit$$00000032)
    __rt_lib_init_fp_1                       0x08000173   Thumb Code     0  libinit2.o(.ARM.Collect$$libinit$$00000002)
    __rt_lib_init_fp_trap_1                  0x08000173   Thumb Code     0  libinit2.o(.ARM.Collect$$libinit$$00000021)
    __rt_lib_init_getenv_1                   0x08000173   Thumb Code     0  libinit2.o(.ARM.Collect$$libinit$$00000025)
    __rt_lib_init_heap_1                     0x08000173   Thumb Code     0  libinit2.o(.ARM.Collect$$libinit$$0000000C)
    __rt_lib_init_lc_collate_1               0x08000173   Thumb Code     0  libinit2.o(.ARM.Collect$$libinit$$00000013)
    __rt_lib_init_lc_ctype_1                 0x08000173   Thumb Code     0  libinit2.o(.ARM.Collect$$libinit$$00000015)
    __rt_lib_init_lc_monetary_1              0x08000173   Thumb Code     0  libinit2.o(.ARM.Collect$$libinit$$00000017)
    __rt_lib_init_lc_numeric_1               0x08000173   Thumb Code     0  libinit2.o(.ARM.Collect$$libinit$$00000019)
    __rt_lib_init_lc_time_1                  0x08000173   Thumb Code     0  libinit2.o(.ARM.Collect$$libinit$$0000001B)
    __rt_lib_init_preinit_1                  0x08000173   Thumb Code     0  libinit2.o(.ARM.Collect$$libinit$$00000006)
    __rt_lib_init_rand_1                     0x08000173   Thumb Code     0  libinit2.o(.ARM.Collect$$libinit$$00000010)
    __rt_lib_init_relocate_pie_1             0x08000173   Thumb Code     0  libinit2.o(.ARM.Collect$$libinit$$00000004)
    __rt_lib_init_return                     0x08000173   Thumb Code     0  libinit2.o(.ARM.Collect$$libinit$$00000035)
    __rt_lib_init_signal_1                   0x08000173   Thumb Code     0  libinit2.o(.ARM.Collect$$libinit$$0000001F)
    __rt_lib_init_stdio_1                    0x08000173   Thumb Code     0  libinit2.o(.ARM.Collect$$libinit$$00000027)
    __rt_lib_init_user_alloc_1               0x08000173   Thumb Code     0  libinit2.o(.ARM.Collect$$libinit$$0000000E)
    __rt_lib_shutdown                        0x08000175   Thumb Code     0  libshutdown.o(.ARM.Collect$$libshutdown$$00000000)
    __rt_lib_shutdown_cpp_1                  0x08000177   Thumb Code     0  libshutdown2.o(.ARM.Collect$$libshutdown$$00000002)
    __rt_lib_shutdown_fp_trap_1              0x08000177   Thumb Code     0  libshutdown2.o(.ARM.Collect$$libshutdown$$00000007)
    __rt_lib_shutdown_heap_1                 0x08000177   Thumb Code     0  libshutdown2.o(.ARM.Collect$$libshutdown$$0000000F)
    __rt_lib_shutdown_return                 0x08000177   Thumb Code     0  libshutdown2.o(.ARM.Collect$$libshutdown$$00000010)
    __rt_lib_shutdown_signal_1               0x08000177   Thumb Code     0  libshutdown2.o(.ARM.Collect$$libshutdown$$0000000A)
    __rt_lib_shutdown_stdio_1                0x08000177   Thumb Code     0  libshutdown2.o(.ARM.Collect$$libshutdown$$00000004)
    __rt_lib_shutdown_user_alloc_1           0x08000177   Thumb Code     0  libshutdown2.o(.ARM.Collect$$libshutdown$$0000000C)
    __rt_entry                               0x08000179   Thumb Code     0  __rtentry.o(.ARM.Collect$$rtentry$$00000000)
    __rt_entry_presh_1                       0x08000179   Thumb Code     0  __rtentry2.o(.ARM.Collect$$rtentry$$00000002)
    __rt_entry_sh                            0x08000179   Thumb Code     0  __rtentry4.o(.ARM.Collect$$rtentry$$00000004)
    __rt_entry_li                            0x0800017f   Thumb Code     0  __rtentry2.o(.ARM.Collect$$rtentry$$0000000A)
    __rt_entry_postsh_1                      0x0800017f   Thumb Code     0  __rtentry2.o(.ARM.Collect$$rtentry$$00000009)
    __rt_entry_main                          0x08000183   Thumb Code     0  __rtentry2.o(.ARM.Collect$$rtentry$$0000000D)
    __rt_entry_postli_1                      0x08000183   Thumb Code     0  __rtentry2.o(.ARM.Collect$$rtentry$$0000000C)
    __rt_exit                                0x0800018b   Thumb Code     0  rtexit.o(.ARM.Collect$$rtexit$$00000000)
    __rt_exit_ls                             0x0800018d   Thumb Code     0  rtexit2.o(.ARM.Collect$$rtexit$$00000003)
    __rt_exit_prels_1                        0x0800018d   Thumb Code     0  rtexit2.o(.ARM.Collect$$rtexit$$00000002)
    __rt_exit_exit                           0x08000191   Thumb Code     0  rtexit2.o(.ARM.Collect$$rtexit$$00000004)
    Reset_Handler                            0x08000199   Thumb Code     8  startup_stm32f10x_md.o(.text)
    NMI_Handler                              0x080001a1   Thumb Code     2  startup_stm32f10x_md.o(.text)
    HardFault_Handler                        0x080001a3   Thumb Code     2  startup_stm32f10x_md.o(.text)
    MemManage_Handler                        0x080001a5   Thumb Code     2  startup_stm32f10x_md.o(.text)
    BusFault_Handler                         0x080001a7   Thumb Code     2  startup_stm32f10x_md.o(.text)
    UsageFault_Handler                       0x080001a9   Thumb Code     2  startup_stm32f10x_md.o(.text)
    SVC_Handler                              0x080001ab   Thumb Code     2  startup_stm32f10x_md.o(.text)
    DebugMon_Handler                         0x080001ad   Thumb Code     2  startup_stm32f10x_md.o(.text)
    PendSV_Handler                           0x080001af   Thumb Code     2  startup_stm32f10x_md.o(.text)
    SysTick_Handler                          0x080001b1   Thumb Code     2  startup_stm32f10x_md.o(.text)
    CAN1_RX1_IRQHandler                      0x080001b3   Thumb Code     0  startup_stm32f10x_md.o(.text)
    CAN1_SCE_IRQHandler                      0x080001b3   Thumb Code     0  startup_stm32f10x_md.o(.text)
    DMA1_Channel1_IRQHandler                 0x080001b3   Thumb Code     0  startup_stm32f10x_md.o(.text)
    DMA1_Channel2_IRQHandler                 0x080001b3   Thumb Code     0  startup_stm32f10x_md.o(.text)
    DMA1_Channel3_IRQHandler                 0x080001b3   Thumb Code     0  startup_stm32f10x_md.o(.text)
    DMA1_Channel4_IRQHandler                 0x080001b3   Thumb Code     0  startup_stm32f10x_md.o(.text)
    DMA1_Channel5_IRQHandler                 0x080001b3   Thumb Code     0  startup_stm32f10x_md.o(.text)
    DMA1_Channel6_IRQHandler                 0x080001b3   Thumb Code     0  startup_stm32f10x_md.o(.text)
    DMA1_Channel7_IRQHandler                 0x080001b3   Thumb Code     0  startup_stm32f10x_md.o(.text)
    EXTI0_IRQHandler                         0x080001b3   Thumb Code     0  startup_stm32f10x_md.o(.text)
    EXTI15_10_IRQHandler                     0x080001b3   Thumb Code     0  startup_stm32f10x_md.o(.text)
    EXTI1_IRQHandler                         0x080001b3   Thumb Code     0  startup_stm32f10x_md.o(.text)
    EXTI2_IRQHandler                         0x080001b3   Thumb Code     0  startup_stm32f10x_md.o(.text)
    EXTI3_IRQHandler                         0x080001b3   Thumb Code     0  startup_stm32f10x_md.o(.text)
    EXTI4_IRQHandler                         0x080001b3   Thumb Code     0  startup_stm32f10x_md.o(.text)
    EXTI9_5_IRQHandler                       0x080001b3   Thumb Code     0  startup_stm32f10x_md.o(.text)
    FLASH_IRQHandler                         0x080001b3   Thumb Code     0  startup_stm32f10x_md.o(.text)
    I2C1_ER_IRQHandler                       0x080001b3   Thumb Code     0  startup_stm32f10x_md.o(.text)
    I2C1_EV_IRQHandler                       0x080001b3   Thumb Code     0  startup_stm32f10x_md.o(.text)
    I2C2_ER_IRQHandler                       0x080001b3   Thumb Code     0  startup_stm32f10x_md.o(.text)
    I2C2_EV_IRQHandler                       0x080001b3   Thumb Code     0  startup_stm32f10x_md.o(.text)
    PVD_IRQHandler                           0x080001b3   Thumb Code     0  startup_stm32f10x_md.o(.text)
    RCC_IRQHandler                           0x080001b3   Thumb Code     0  startup_stm32f10x_md.o(.text)
    RTCAlarm_IRQHandler                      0x080001b3   Thumb Code     0  startup_stm32f10x_md.o(.text)
    RTC_IRQHandler                           0x080001b3   Thumb Code     0  startup_stm32f10x_md.o(.text)
    SPI1_IRQHandler                          0x080001b3   Thumb Code     0  startup_stm32f10x_md.o(.text)
    SPI2_IRQHandler                          0x080001b3   Thumb Code     0  startup_stm32f10x_md.o(.text)
    TAMPER_IRQHandler                        0x080001b3   Thumb Code     0  startup_stm32f10x_md.o(.text)
    TIM1_BRK_IRQHandler                      0x080001b3   Thumb Code     0  startup_stm32f10x_md.o(.text)
    TIM1_CC_IRQHandler                       0x080001b3   Thumb Code     0  startup_stm32f10x_md.o(.text)
    TIM1_TRG_COM_IRQHandler                  0x080001b3   Thumb Code     0  startup_stm32f10x_md.o(.text)
    USBWakeUp_IRQHandler                     0x080001b3   Thumb Code     0  startup_stm32f10x_md.o(.text)
    USB_HP_CAN1_TX_IRQHandler                0x080001b3   Thumb Code     0  startup_stm32f10x_md.o(.text)
    USB_LP_CAN1_RX0_IRQHandler               0x080001b3   Thumb Code     0  startup_stm32f10x_md.o(.text)
    WWDG_IRQHandler                          0x080001b3   Thumb Code     0  startup_stm32f10x_md.o(.text)
    __user_initial_stackheap                 0x080001b5   Thumb Code     0  startup_stm32f10x_md.o(.text)
    __use_two_region_memory                  0x080001d9   Thumb Code     2  heapauxi.o(.text)
    __rt_heap_escrow$2region                 0x080001db   Thumb Code     2  heapauxi.o(.text)
    __rt_heap_expand$2region                 0x080001dd   Thumb Code     2  heapauxi.o(.text)
    __user_setup_stackheap                   0x080001df   Thumb Code    74  sys_stackheap_outer.o(.text)
    exit                                     0x08000229   Thumb Code    18  exit.o(.text)
    __user_libspace                          0x0800023d   Thumb Code     8  libspace.o(.text)
    __user_perproc_libspace                  0x0800023d   Thumb Code     0  libspace.o(.text)
    __user_perthread_libspace                0x0800023d   Thumb Code     0  libspace.o(.text)
    _sys_exit                                0x08000245   Thumb Code     8  sys_exit.o(.text)
    __I$use$semihosting                      0x08000251   Thumb Code     0  use_no_semi.o(.text)
    __use_no_semihosting_swi                 0x08000251   Thumb Code     2  use_no_semi.o(.text)
    __semihosting_library_function           0x08000253   Thumb Code     0  indicate_semi.o(.text)
    ADC1_2_IRQHandler                        0x08000255   Thumb Code    42  principal.o(.text.ADC1_2_IRQHandler)
    ADC1_Init_PA0_Interrupt                  0x08000281   Thumb Code   206  alimentation.o(.text.ADC1_Init_PA0_Interrupt)
    CheckBatteryAndSend                      0x08000351   Thumb Code    58  principal.o(.text.CheckBatteryAndSend)
    GetBatteryVoltage                        0x0800038d   Thumb Code    64  principal.o(.text.GetBatteryVoltage)
    GirouetteGetAngle                        0x080003cd   Thumb Code    14  girouette.o(.text.GirouetteGetAngle)
    Girouette_Init                           0x080003dd   Thumb Code   226  girouette.o(.text.Girouette_Init)
    InitGPIO                                 0x080004c1   Thumb Code   124  gpio.o(.text.InitGPIO)
    InitPlateau                              0x0800053d   Thumb Code    56  plateau.o(.text.InitPlateau)
    LireBroche                               0x08000575   Thumb Code    26  gpio.o(.text.LireBroche)
    MyServoInit                              0x08000591   Thumb Code    24  servo.o(.text.MyServoInit)
    MyTimer_Base_Init                        0x080005a9   Thumb Code   184  timer.o(.text.MyTimer_Base_Init)
    MyTimer_PWM_Init                         0x08000661   Thumb Code   612  timer.o(.text.MyTimer_PWM_Init)
    MyTimer_PWM_SetDutyCycle                 0x080008c5   Thumb Code   120  timer.o(.text.MyTimer_PWM_SetDutyCycle)
    MyTimer_PWM_TIM3_PA6                     0x0800093d   Thumb Code   230  timer.o(.text.MyTimer_PWM_TIM3_PA6)
    SetDC                                    0x08000a25   Thumb Code    38  servo.o(.text.SetDC)
    SetPlateau                               0x08000a4d   Thumb Code    26  plateau.o(.text.SetPlateau)
    SetPlateauCommand                        0x08000a69   Thumb Code    80  principal.o(.text.SetPlateauCommand)
    SetPlateauSens                           0x08000ab9   Thumb Code    50  plateau.o(.text.SetPlateauSens)
    SystemInit                               0x08000c19   Thumb Code   102  system_stm32f10x.o(.text.SystemInit)
    TIM1_UP_IRQHandler                       0x08000c81   Thumb Code    66  timer.o(.text.TIM1_UP_IRQHandler)
    TIM2_IRQHandler                          0x08000cc5   Thumb Code    62  timer.o(.text.TIM2_IRQHandler)
    TIM3_IRQHandler                          0x08000d05   Thumb Code    66  timer.o(.text.TIM3_IRQHandler)
    TIM4_IRQHandler                          0x08000d49   Thumb Code    66  timer.o(.text.TIM4_IRQHandler)
    USART1_IRQHandler                        0x08000d8d   Thumb Code    22  usart.o(.text.USART1_IRQHandler)
    USART2_IRQHandler                        0x08000da5   Thumb Code    22  usart.o(.text.USART2_IRQHandler)
    USART3_IRQHandler                        0x08000dbd   Thumb Code    44  principal.o(.text.USART3_IRQHandler)
    USART3_Init_RX_Interrupt                 0x08000de9   Thumb Code   148  plateau.o(.text.USART3_Init_RX_Interrupt)
    USART3_SendChar                          0x08000e7d   Thumb Code    46  plateau.o(.text.USART3_SendChar)
    USART3_SendString                        0x08000ead   Thumb Code    34  plateau.o(.text.USART3_SendString)
    alpha_to_DC                              0x08000f31   Thumb Code    42  servo.o(.text.alpha_to_DC)
    alpha_to_theta                           0x08000f5d   Thumb Code   118  servo.o(.text.alpha_to_theta)
    main                                     0x08000fd5   Thumb Code    86  principal.o(.text.main)
    theta_to_DC                              0x0800102d   Thumb Code    50  servo.o(.text.theta_to_DC)
    __aeabi_fcmpeq                           0x0800105f   Thumb Code     0  fcmp.o(x$fpl$fcmp)
    _feq                                     0x0800105f   Thumb Code    14  fcmp.o(x$fpl$fcmp)
    _fneq                                    0x0800106d   Thumb Code    14  fcmp.o(x$fpl$fcmp)
    __aeabi_fcmpgt                           0x0800107b   Thumb Code     0  fcmp.o(x$fpl$fcmp)
    _fgr                                     0x0800107b   Thumb Code    14  fcmp.o(x$fpl$fcmp)
    __aeabi_fcmpge                           0x08001089   Thumb Code     0  fcmp.o(x$fpl$fcmp)
    _fgeq                                    0x08001089   Thumb Code    14  fcmp.o(x$fpl$fcmp)
    __aeabi_fcmple                           0x08001097   Thumb Code     0  fcmp.o(x$fpl$fcmp)
    _fleq                                    0x08001097   Thumb Code    14  fcmp.o(x$fpl$fcmp)
    __aeabi_fcmplt                           0x080010a5   Thumb Code     0  fcmp.o(x$fpl$fcmp)
    _fls                                     0x080010a5   Thumb Code    14  fcmp.o(x$fpl$fcmp)
    __fpl_fcmp_Inf                           0x080010b3   Thumb Code    24  fcmpi.o(x$fpl$fcmpinf)
    __aeabi_fdiv                             0x080010cd   Thumb Code     0  fdiv.o(x$fpl$fdiv)
    _fdiv                                    0x080010cd   Thumb Code   384  fdiv.o(x$fpl$fdiv)
    __aeabi_cfcmpeq                          0x08001251   Thumb Code     0  feqf.o(x$fpl$feqf)
    _fcmpeq                                  0x08001251   Thumb Code   104  feqf.o(x$fpl$feqf)
    __aeabi_f2iz                             0x080012b9   Thumb Code     0  ffix.o(x$fpl$ffix)
    _ffix                                    0x080012b9   Thumb Code    54  ffix.o(x$fpl$ffix)
    __aeabi_i2f                              0x080012f1   Thumb Code     0  fflt_clz.o(x$fpl$fflt)
    _fflt                                    0x080012f1   Thumb Code    48  fflt_clz.o(x$fpl$fflt)
    _fcmpge                                  0x08001321   Thumb Code   104  fgeqf.o(x$fpl$fgeqf)
    __aeabi_cfcmple                          0x08001389   Thumb Code     0  fleqf.o(x$fpl$fleqf)
    _fcmple                                  0x08001389   Thumb Code   104  fleqf.o(x$fpl$fleqf)
    __fpl_fcmple_InfNaN                      0x080013db   Thumb Code     0  fleqf.o(x$fpl$fleqf)
    __aeabi_fmul                             0x080013f1   Thumb Code     0  fmul.o(x$fpl$fmul)
    _fmul                                    0x080013f1   Thumb Code   258  fmul.o(x$fpl$fmul)
    __fpl_fnaninf                            0x080014f3   Thumb Code   140  fnaninf.o(x$fpl$fnaninf)
    __fpl_fretinf                            0x0800157f   Thumb Code    10  fretinf.o(x$fpl$fretinf)
    __I$use$fp                               0x08001588   Number         0  usenofp.o(x$fpl$usenofp)
    Region$$Table$$Base                      0x080015a8   Number         0  anon$$obj.o(Region$$Table)
    Region$$Table$$Limit                     0x080015b8   Number         0  anon$$obj.o(Region$$Table)
    __libspace_start                         0x20000000   Data          96  libspace.o(.bss)
    AngleVent                                0x20000060   Data           4  principal.o(.bss.AngleVent)
    __temporary_stack_top$libspace           0x20000060   Data           0  libspace.o(.bss)
    battery_raw                              0x20000074   Data           4  principal.o(.bss.battery_raw)
    ch                                       0x20000078   Data           4  usart.o(.bss.ch)
    lastCommand                              0x2000007c   Data           4  principal.o(.bss.lastCommand)



==============================================================================

Memory Map of the image

  Image Entry point : 0x08000199

  Load Region LR_1 (Base: 0x08000000, Size: 0x000015b8, Max: 0xffffffff, ABSOLUTE)

    Execution Region ER_RO (Exec base: 0x08000000, Load base: 0x08000000, Size: 0x000015b8, Max: 0xffffffff, ABSOLUTE)

    Exec Addr    Load Addr    Size         Type   Attr      Idx    E Section Name        Object

    0x08000000   0x08000000   0x000000ec   Data   RO          201    RESET               startup_stm32f10x_md.o
    0x080000ec   0x080000ec   0x00000008   Code   RO          229  * !!!main             c_w.l(__main.o)
    0x080000f4   0x080000f4   0x0000005c   Code   RO          443    !!!scatter          c_w.l(__scatter.o)
    0x08000150   0x08000150   0x00000002   Code   RO          444    !!handler_null      c_w.l(__scatter.o)
    0x08000152   0x08000152   0x00000002   PAD
    0x08000154   0x08000154   0x0000001c   Code   RO          447    !!handler_zi        c_w.l(__scatter_zi.o)
    0x08000170   0x08000170   0x00000002   Code   RO          305    .ARM.Collect$$libinit$$00000000  c_w.l(libinit.o)
    0x08000172   0x08000172   0x00000000   Code   RO          312    .ARM.Collect$$libinit$$00000002  c_w.l(libinit2.o)
    0x08000172   0x08000172   0x00000000   Code   RO          314    .ARM.Collect$$libinit$$00000004  c_w.l(libinit2.o)
    0x08000172   0x08000172   0x00000000   Code   RO          316    .ARM.Collect$$libinit$$00000006  c_w.l(libinit2.o)
    0x08000172   0x08000172   0x00000000   Code   RO          319    .ARM.Collect$$libinit$$0000000C  c_w.l(libinit2.o)
    0x08000172   0x08000172   0x00000000   Code   RO          321    .ARM.Collect$$libinit$$0000000E  c_w.l(libinit2.o)
    0x08000172   0x08000172   0x00000000   Code   RO          323    .ARM.Collect$$libinit$$00000010  c_w.l(libinit2.o)
    0x08000172   0x08000172   0x00000000   Code   RO          326    .ARM.Collect$$libinit$$00000013  c_w.l(libinit2.o)
    0x08000172   0x08000172   0x00000000   Code   RO          328    .ARM.Collect$$libinit$$00000015  c_w.l(libinit2.o)
    0x08000172   0x08000172   0x00000000   Code   RO          330    .ARM.Collect$$libinit$$00000017  c_w.l(libinit2.o)
    0x08000172   0x08000172   0x00000000   Code   RO          332    .ARM.Collect$$libinit$$00000019  c_w.l(libinit2.o)
    0x08000172   0x08000172   0x00000000   Code   RO          334    .ARM.Collect$$libinit$$0000001B  c_w.l(libinit2.o)
    0x08000172   0x08000172   0x00000000   Code   RO          336    .ARM.Collect$$libinit$$0000001D  c_w.l(libinit2.o)
    0x08000172   0x08000172   0x00000000   Code   RO          338    .ARM.Collect$$libinit$$0000001F  c_w.l(libinit2.o)
    0x08000172   0x08000172   0x00000000   Code   RO          340    .ARM.Collect$$libinit$$00000021  c_w.l(libinit2.o)
    0x08000172   0x08000172   0x00000000   Code   RO          342    .ARM.Collect$$libinit$$00000023  c_w.l(libinit2.o)
    0x08000172   0x08000172   0x00000000   Code   RO          344    .ARM.Collect$$libinit$$00000025  c_w.l(libinit2.o)
    0x08000172   0x08000172   0x00000000   Code   RO          346    .ARM.Collect$$libinit$$00000027  c_w.l(libinit2.o)
    0x08000172   0x08000172   0x00000000   Code   RO          350    .ARM.Collect$$libinit$$0000002E  c_w.l(libinit2.o)
    0x08000172   0x08000172   0x00000000   Code   RO          352    .ARM.Collect$$libinit$$00000030  c_w.l(libinit2.o)
    0x08000172   0x08000172   0x00000000   Code   RO          354    .ARM.Collect$$libinit$$00000032  c_w.l(libinit2.o)
    0x08000172   0x08000172   0x00000000   Code   RO          356    .ARM.Collect$$libinit$$00000034  c_w.l(libinit2.o)
    0x08000172   0x08000172   0x00000002   Code   RO          357    .ARM.Collect$$libinit$$00000035  c_w.l(libinit2.o)
    0x08000174   0x08000174   0x00000002   Code   RO          379    .ARM.Collect$$libshutdown$$00000000  c_w.l(libshutdown.o)
    0x08000176   0x08000176   0x00000000   Code   RO          394    .ARM.Collect$$libshutdown$$00000002  c_w.l(libshutdown2.o)
    0x08000176   0x08000176   0x00000000   Code   RO          396    .ARM.Collect$$libshutdown$$00000004  c_w.l(libshutdown2.o)
    0x08000176   0x08000176   0x00000000   Code   RO          399    .ARM.Collect$$libshutdown$$00000007  c_w.l(libshutdown2.o)
    0x08000176   0x08000176   0x00000000   Code   RO          402    .ARM.Collect$$libshutdown$$0000000A  c_w.l(libshutdown2.o)
    0x08000176   0x08000176   0x00000000   Code   RO          404    .ARM.Collect$$libshutdown$$0000000C  c_w.l(libshutdown2.o)
    0x08000176   0x08000176   0x00000000   Code   RO          407    .ARM.Collect$$libshutdown$$0000000F  c_w.l(libshutdown2.o)
    0x08000176   0x08000176   0x00000002   Code   RO          408    .ARM.Collect$$libshutdown$$00000010  c_w.l(libshutdown2.o)
    0x08000178   0x08000178   0x00000000   Code   RO          263    .ARM.Collect$$rtentry$$00000000  c_w.l(__rtentry.o)
    0x08000178   0x08000178   0x00000000   Code   RO          280    .ARM.Collect$$rtentry$$00000002  c_w.l(__rtentry2.o)
    0x08000178   0x08000178   0x00000006   Code   RO          292    .ARM.Collect$$rtentry$$00000004  c_w.l(__rtentry4.o)
    0x0800017e   0x0800017e   0x00000000   Code   RO          282    .ARM.Collect$$rtentry$$00000009  c_w.l(__rtentry2.o)
    0x0800017e   0x0800017e   0x00000004   Code   RO          283    .ARM.Collect$$rtentry$$0000000A  c_w.l(__rtentry2.o)
    0x08000182   0x08000182   0x00000000   Code   RO          285    .ARM.Collect$$rtentry$$0000000C  c_w.l(__rtentry2.o)
    0x08000182   0x08000182   0x00000008   Code   RO          286    .ARM.Collect$$rtentry$$0000000D  c_w.l(__rtentry2.o)
    0x0800018a   0x0800018a   0x00000002   Code   RO          309    .ARM.Collect$$rtexit$$00000000  c_w.l(rtexit.o)
    0x0800018c   0x0800018c   0x00000000   Code   RO          359    .ARM.Collect$$rtexit$$00000002  c_w.l(rtexit2.o)
    0x0800018c   0x0800018c   0x00000004   Code   RO          360    .ARM.Collect$$rtexit$$00000003  c_w.l(rtexit2.o)
    0x08000190   0x08000190   0x00000006   Code   RO          361    .ARM.Collect$$rtexit$$00000004  c_w.l(rtexit2.o)
    0x08000196   0x08000196   0x00000002   PAD
    0x08000198   0x08000198   0x00000040   Code   RO          202  * .text               startup_stm32f10x_md.o
    0x080001d8   0x080001d8   0x00000006   Code   RO          227    .text               c_w.l(heapauxi.o)
    0x080001de   0x080001de   0x0000004a   Code   RO          296    .text               c_w.l(sys_stackheap_outer.o)
    0x08000228   0x08000228   0x00000012   Code   RO          298    .text               c_w.l(exit.o)
    0x0800023a   0x0800023a   0x00000002   PAD
    0x0800023c   0x0800023c   0x00000008   Code   RO          306    .text               c_w.l(libspace.o)
    0x08000244   0x08000244   0x0000000c   Code   RO          369    .text               c_w.l(sys_exit.o)
    0x08000250   0x08000250   0x00000002   Code   RO          384    .text               c_w.l(use_no_semi.o)
    0x08000252   0x08000252   0x00000000   Code   RO          386    .text               c_w.l(indicate_semi.o)
    0x08000252   0x08000252   0x00000002   PAD
    0x08000254   0x08000254   0x0000002a   Code   RO            6    .text.ADC1_2_IRQHandler  principal.o
    0x0800027e   0x0800027e   0x00000002   PAD
    0x08000280   0x08000280   0x000000ce   Code   RO          124    .text.ADC1_Init_PA0_Interrupt  alimentation.o
    0x0800034e   0x0800034e   0x00000002   PAD
    0x08000350   0x08000350   0x0000003a   Code   RO            2    .text.CheckBatteryAndSend  principal.o
    0x0800038a   0x0800038a   0x00000002   PAD
    0x0800038c   0x0800038c   0x00000040   Code   RO            4    .text.GetBatteryVoltage  principal.o
    0x080003cc   0x080003cc   0x0000000e   Code   RO          156    .text.GirouetteGetAngle  girouette.o
    0x080003da   0x080003da   0x00000002   PAD
    0x080003dc   0x080003dc   0x000000e2   Code   RO          154    .text.Girouette_Init  girouette.o
    0x080004be   0x080004be   0x00000002   PAD
    0x080004c0   0x080004c0   0x0000007c   Code   RO           50    .text.InitGPIO      gpio.o
    0x0800053c   0x0800053c   0x00000038   Code   RO          165    .text.InitPlateau   plateau.o
    0x08000574   0x08000574   0x0000001a   Code   RO           52    .text.LireBroche    gpio.o
    0x0800058e   0x0800058e   0x00000002   PAD
    0x08000590   0x08000590   0x00000018   Code   RO          141    .text.MyServoInit   servo.o
    0x080005a8   0x080005a8   0x000000b8   Code   RO           67    .text.MyTimer_Base_Init  timer.o
    0x08000660   0x08000660   0x00000264   Code   RO           81    .text.MyTimer_PWM_Init  timer.o
    0x080008c4   0x080008c4   0x00000078   Code   RO           83    .text.MyTimer_PWM_SetDutyCycle  timer.o
    0x0800093c   0x0800093c   0x000000e6   Code   RO           79    .text.MyTimer_PWM_TIM3_PA6  timer.o
    0x08000a22   0x08000a22   0x00000002   PAD
    0x08000a24   0x08000a24   0x00000026   Code   RO          143    .text.SetDC         servo.o
    0x08000a4a   0x08000a4a   0x00000002   PAD
    0x08000a4c   0x08000a4c   0x0000001a   Code   RO          167    .text.SetPlateau    plateau.o
    0x08000a66   0x08000a66   0x00000002   PAD
    0x08000a68   0x08000a68   0x00000050   Code   RO            8    .text.SetPlateauCommand  principal.o
    0x08000ab8   0x08000ab8   0x00000032   Code   RO          169    .text.SetPlateauSens  plateau.o
    0x08000aea   0x08000aea   0x00000002   PAD
    0x08000aec   0x08000aec   0x00000008   Code   RO          211    .text.SetSysClock   system_stm32f10x.o
    0x08000af4   0x08000af4   0x00000122   Code   RO          215    .text.SetSysClockTo72  system_stm32f10x.o
    0x08000c16   0x08000c16   0x00000002   PAD
    0x08000c18   0x08000c18   0x00000066   Code   RO          209    .text.SystemInit    system_stm32f10x.o
    0x08000c7e   0x08000c7e   0x00000002   PAD
    0x08000c80   0x08000c80   0x00000042   Code   RO           71    .text.TIM1_UP_IRQHandler  timer.o
    0x08000cc2   0x08000cc2   0x00000002   PAD
    0x08000cc4   0x08000cc4   0x0000003e   Code   RO           73    .text.TIM2_IRQHandler  timer.o
    0x08000d02   0x08000d02   0x00000002   PAD
    0x08000d04   0x08000d04   0x00000042   Code   RO           75    .text.TIM3_IRQHandler  timer.o
    0x08000d46   0x08000d46   0x00000002   PAD
    0x08000d48   0x08000d48   0x00000042   Code   RO           77    .text.TIM4_IRQHandler  timer.o
    0x08000d8a   0x08000d8a   0x00000002   PAD
    0x08000d8c   0x08000d8c   0x00000016   Code   RO          106    .text.USART1_IRQHandler  usart.o
    0x08000da2   0x08000da2   0x00000002   PAD
    0x08000da4   0x08000da4   0x00000016   Code   RO          104    .text.USART2_IRQHandler  usart.o
    0x08000dba   0x08000dba   0x00000002   PAD
    0x08000dbc   0x08000dbc   0x0000002c   Code   RO           10    .text.USART3_IRQHandler  principal.o
    0x08000de8   0x08000de8   0x00000094   Code   RO          175    .text.USART3_Init_RX_Interrupt  plateau.o
    0x08000e7c   0x08000e7c   0x0000002e   Code   RO          171    .text.USART3_SendChar  plateau.o
    0x08000eaa   0x08000eaa   0x00000002   PAD
    0x08000eac   0x08000eac   0x00000022   Code   RO          173    .text.USART3_SendString  plateau.o
    0x08000ece   0x08000ece   0x00000002   PAD
    0x08000ed0   0x08000ed0   0x00000030   Code   RO          126    .text.__NVIC_EnableIRQ  alimentation.o
    0x08000f00   0x08000f00   0x00000030   Code   RO          177    .text.__NVIC_EnableIRQ  plateau.o
    0x08000f30   0x08000f30   0x0000002a   Code   RO          139    .text.alpha_to_DC   servo.o
    0x08000f5a   0x08000f5a   0x00000002   PAD
    0x08000f5c   0x08000f5c   0x00000076   Code   RO          135    .text.alpha_to_theta  servo.o
    0x08000fd2   0x08000fd2   0x00000002   PAD
    0x08000fd4   0x08000fd4   0x00000056   Code   RO           12    .text.main          principal.o
    0x0800102a   0x0800102a   0x00000002   PAD
    0x0800102c   0x0800102c   0x00000032   Code   RO          137    .text.theta_to_DC   servo.o
    0x0800105e   0x0800105e   0x00000054   Code   RO          245    x$fpl$fcmp          fz_ws.l(fcmp.o)
    0x080010b2   0x080010b2   0x00000018   Code   RO          294    x$fpl$fcmpinf       fz_ws.l(fcmpi.o)
    0x080010ca   0x080010ca   0x00000002   PAD
    0x080010cc   0x080010cc   0x00000184   Code   RO          248    x$fpl$fdiv          fz_ws.l(fdiv.o)
    0x08001250   0x08001250   0x00000068   Code   RO          268    x$fpl$feqf          fz_ws.l(feqf.o)
    0x080012b8   0x080012b8   0x00000036   Code   RO          251    x$fpl$ffix          fz_ws.l(ffix.o)
    0x080012ee   0x080012ee   0x00000002   PAD
    0x080012f0   0x080012f0   0x00000030   Code   RO          256    x$fpl$fflt          fz_ws.l(fflt_clz.o)
    0x08001320   0x08001320   0x00000068   Code   RO          270    x$fpl$fgeqf         fz_ws.l(fgeqf.o)
    0x08001388   0x08001388   0x00000068   Code   RO          272    x$fpl$fleqf         fz_ws.l(fleqf.o)
    0x080013f0   0x080013f0   0x00000102   Code   RO          261    x$fpl$fmul          fz_ws.l(fmul.o)
    0x080014f2   0x080014f2   0x0000008c   Code   RO          274    x$fpl$fnaninf       fz_ws.l(fnaninf.o)
    0x0800157e   0x0800157e   0x0000000a   Code   RO          276    x$fpl$fretinf       fz_ws.l(fretinf.o)
    0x08001588   0x08001588   0x00000000   Code   RO          278    x$fpl$usenofp       fz_ws.l(usenofp.o)
    0x08001588   0x08001588   0x00000020   Data   RO           16    .rodata.str1.1      principal.o
    0x080015a8   0x080015a8   0x00000010   Data   RO          442    Region$$Table       anon$$obj.o


    Execution Region ER_RW (Exec base: 0x20000000, Load base: 0x080015b8, Size: 0x00000000, Max: 0xffffffff, ABSOLUTE)

    **** No section assigned to this execution region ****


    Execution Region ER_ZI (Exec base: 0x20000000, Load base: 0x080015b8, Size: 0x00000680, Max: 0xffffffff, ABSOLUTE)

    Exec Addr    Load Addr    Size         Type   Attr      Idx    E Section Name        Object

    0x20000000        -       0x00000060   Zero   RW          307    .bss                c_w.l(libspace.o)
    0x20000060        -       0x00000004   Zero   RW           19    .bss.AngleVent      principal.o
    0x20000064        -       0x00000004   Zero   RW           85    .bss.ITFunction_TIM1  timer.o
    0x20000068        -       0x00000004   Zero   RW           86    .bss.ITFunction_TIM2  timer.o
    0x2000006c        -       0x00000004   Zero   RW           87    .bss.ITFunction_TIM3  timer.o
    0x20000070        -       0x00000004   Zero   RW           88    .bss.ITFunction_TIM4  timer.o
    0x20000074        -       0x00000004   Zero   RW           17    .bss.battery_raw    principal.o
    0x20000078        -       0x00000004   Zero   RW          116    .bss.ch             usart.o
    0x2000007c        -       0x00000004   Zero   RW           18    .bss.lastCommand    principal.o
    0x20000080        -       0x00000200   Zero   RW          200    HEAP                startup_stm32f10x_md.o
    0x20000280        -       0x00000400   Zero   RW          199    STACK               startup_stm32f10x_md.o


==============================================================================

Image component sizes


      Code (inc. data)   RO Data    RW Data    ZI Data      Debug   Object Name

       254          0          0          0          0       3468   alimentation.o
       240          0          0          0          0       2215   girouette.o
       150          0          0          0          0       1527   gpio.o
       408          0          0          0          0       4689   plateau.o
       374          0         32          0         12       2637   principal.o
       272          0          0          0          0       2279   servo.o
        64         26        236          0       1536        872   startup_stm32f10x_md.o
       400          0          0          0          0       2975   system_stm32f10x.o
      1406          8          0          0         16       4690   timer.o
        44          0          0          0          4       2937   usart.o

    ----------------------------------------------------------------------
      3658         34        284          0       1568      28289   Object Totals
         0          0         16          0          0          0   (incl. Generated)
        46          0          0          0          0          0   (incl. Padding)

    ----------------------------------------------------------------------

      Code (inc. data)   RO Data    RW Data    ZI Data      Debug   Library Member Name

         8          0          0          0          0         68   __main.o
         0          0          0          0          0          0   __rtentry.o
        12          0          0          0          0          0   __rtentry2.o
         6          0          0          0          0          0   __rtentry4.o
        94          8          0          0          0          0   __scatter.o
        28          0          0          0          0          0   __scatter_zi.o
        18          0          0          0          0         80   exit.o
         6          0          0          0          0        152   heapauxi.o
         0          0          0          0          0          0   indicate_semi.o
         2          0          0          0          0          0   libinit.o
         2          0          0          0          0          0   libinit2.o
         2          0          0          0          0          0   libshutdown.o
         2          0          0          0          0          0   libshutdown2.o
         8          4          0          0         96         68   libspace.o
         2          0          0          0          0          0   rtexit.o
        10          0          0          0          0          0   rtexit2.o
        12          4          0          0          0         68   sys_exit.o
        74          0          0          0          0         80   sys_stackheap_outer.o
         2          0          0          0          0         68   use_no_semi.o
        84          0          0          0          0        196   fcmp.o
        24          0          0          0          0         68   fcmpi.o
       388         76          0          0          0         96   fdiv.o
       104          4          0          0          0         84   feqf.o
        54          4          0          0          0         84   ffix.o
        48          0          0          0          0         68   fflt_clz.o
       104          4          0          0          0         84   fgeqf.o
       104          4          0          0          0         84   fleqf.o
       258          4          0          0          0         84   fmul.o
       140          4          0          0          0         84   fnaninf.o
        10          0          0          0          0         68   fretinf.o
         0          0          0          0          0          0   usenofp.o

    ----------------------------------------------------------------------
      1618        116          0          0         96       1584   Library Totals
        12          0          0          0          0          0   (incl. Padding)

    ----------------------------------------------------------------------

      Code (inc. data)   RO Data    RW Data    ZI Data      Debug   Library Name

       288         16          0          0         96        584   c_w.l
      1318        100          0          0          0       1000   fz_ws.l

    ----------------------------------------------------------------------
      1618        116          0          0         96       1584   Library Totals

    ----------------------------------------------------------------------

==============================================================================


      Code (inc. data)   RO Data    RW Data    ZI Data      Debug   

      5276        150        284          0       1664      29033   Grand Totals
      5276        150        284          0       1664      29033   ELF Image Totals
      5276        150        284          0          0          0   ROM Totals

==============================================================================

    Total RO  Size (Code + RO Data)                 5560 (   5.43kB)
    Total RW  Size (RW Data + ZI Data)              1664 (   1.62kB)
    Total ROM Size (Code + RO Data + RW Data)       5560 (   5.43kB)

==============================================================================

